Component: ARM Compiler 5.05 update 1 (build 106) Tool: armlink [4d0efa]

==============================================================================

Section Cross References

    main.o(i.Task1) refers to oled_i2c.o(i.OLED_ShowVar) for OLED_ShowVar
    main.o(i.Task1) refers to lsens.o(i.Lsens_Get_Val) for Lsens_Get_Val
    main.o(i.Task1) refers to motor.o(i.Run) for Run
    main.o(i.Task1) refers to stm32f10x_tim.o(i.TIM_SetCompare3) for TIM_SetCompare3
    main.o(i.Task1) refers to os.o(i.OSTimeDly) for OSTimeDly
    main.o(i.Task1) refers to main.o(.data) for pwmval
    main.o(i.Task1) refers to 24l01.o(.data) for RevTempDate
    main.o(i.Task2) refers to os.o(i.OS_SchedLock) for OS_SchedLock
    main.o(i.Task2) refers to 24l01.o(i.GetDate) for GetDate
    main.o(i.Task2) refers to stmflash.o(i.STMFLASH_Write) for STMFLASH_Write
    main.o(i.Task2) refers to os.o(i.OS_SchedUnlock) for OS_SchedUnlock
    main.o(i.Task2) refers to os.o(i.OSTimeDly) for OSTimeDly
    main.o(i.Task2) refers to 24l01.o(.data) for RevTempDate
    main.o(i.Task2) refers to main.o(.data) for set_light
    main.o(i.Task3) refers to oled_i2c.o(i.OLED_ShowStr) for OLED_ShowStr
    main.o(i.Task3) refers to os.o(i.OSTimeDly) for OSTimeDly
    main.o(i.Task3) refers to usart.o(.bss) for USART_RX_BUF
    main.o(i.Task3) refers to 24l01.o(.data) for RevTempDate
    main.o(i.Task3) refers to main.o(.data) for set_light
    main.o(i.Task4) refers to os.o(i.OS_SchedLock) for OS_SchedLock
    main.o(i.Task4) refers to oled_i2c.o(i.OLED_ShowCN) for OLED_ShowCN
    main.o(i.Task4) refers to oled_i2c.o(i.OLED_ShowStr) for OLED_ShowStr
    main.o(i.Task4) refers to os.o(i.OS_SchedUnlock) for OS_SchedUnlock
    main.o(i.Task4) refers to oled_i2c.o(i.OLED_ShowVar) for OLED_ShowVar
    main.o(i.Task4) refers to os.o(i.OSTimeDly) for OSTimeDly
    main.o(i.Task4) refers to main.o(.data) for adc
    main.o(i.Task4) refers to 24l01.o(.data) for RevTempDate
    main.o(i.main) refers to malloc.o(i.malloc_init) for malloc_init
    main.o(i.main) refers to delay.o(i.delay_init) for delay_init
    main.o(i.main) refers to misc.o(i.NVIC_PriorityGroupConfig) for NVIC_PriorityGroupConfig
    main.o(i.main) refers to led.o(i.LED_Init) for LED_Init
    main.o(i.main) refers to oled_i2c.o(i.I2C_Configuration) for I2C_Configuration
    main.o(i.main) refers to oled_i2c.o(i.OLED_Init) for OLED_Init
    main.o(i.main) refers to oled_i2c.o(i.OLED_CLS) for OLED_CLS
    main.o(i.main) refers to usart.o(i.uart_init) for uart_init
    main.o(i.main) refers to oled_i2c.o(i.OLED_ShowStr) for OLED_ShowStr
    main.o(i.main) refers to esp8266.o(i.ESP_STA) for ESP_STA
    main.o(i.main) refers to 24l01.o(i.NRF24L01_GPIOInit) for NRF24L01_GPIOInit
    main.o(i.main) refers to 24l01.o(i.NRF24L01Int) for NRF24L01Int
    main.o(i.main) refers to 24l01.o(i.NRFSetRXMode) for NRFSetRXMode
    main.o(i.main) refers to lsens.o(i.Lsens_Init) for Lsens_Init
    main.o(i.main) refers to time.o(i.TIM3_PWM_Init) for TIM3_PWM_Init
    main.o(i.main) refers to os.o(i.Task_Create) for Task_Create
    main.o(i.main) refers to stmflash.o(i.STMFLASH_Read) for STMFLASH_Read
    main.o(i.main) refers to os.o(i.OS_Start) for OS_Start
    main.o(i.main) refers to 24l01.o(.data) for RX_ADDRESS_0
    main.o(i.main) refers to main.o(.bss) for TASK_1_STK
    main.o(i.main) refers to main.o(i.Task1) for Task1
    main.o(i.main) refers to main.o(i.Task2) for Task2
    main.o(i.main) refers to main.o(i.Task3) for Task3
    main.o(i.main) refers to main.o(i.Task4) for Task4
    main.o(i.main) refers to main.o(.data) for set_light
    system_stm32f10x.o(i.SetSysClock) refers to system_stm32f10x.o(i.SetSysClockTo72) for SetSysClockTo72
    system_stm32f10x.o(i.SystemCoreClockUpdate) refers to system_stm32f10x.o(.data) for SystemCoreClock
    system_stm32f10x.o(i.SystemInit) refers to system_stm32f10x.o(i.SetSysClock) for SetSysClock
    startup_stm32f10x_md.o(STACK) refers (Special) to heapauxi.o(.text) for __use_two_region_memory
    startup_stm32f10x_md.o(HEAP) refers (Special) to heapauxi.o(.text) for __use_two_region_memory
    startup_stm32f10x_md.o(RESET) refers (Special) to heapauxi.o(.text) for __use_two_region_memory
    startup_stm32f10x_md.o(RESET) refers to startup_stm32f10x_md.o(STACK) for __initial_sp
    startup_stm32f10x_md.o(RESET) refers to startup_stm32f10x_md.o(.text) for Reset_Handler
    startup_stm32f10x_md.o(RESET) refers to stm32f10x_it.o(i.NMI_Handler) for NMI_Handler
    startup_stm32f10x_md.o(RESET) refers to stm32f10x_it.o(i.HardFault_Handler) for HardFault_Handler
    startup_stm32f10x_md.o(RESET) refers to stm32f10x_it.o(i.MemManage_Handler) for MemManage_Handler
    startup_stm32f10x_md.o(RESET) refers to stm32f10x_it.o(i.BusFault_Handler) for BusFault_Handler
    startup_stm32f10x_md.o(RESET) refers to stm32f10x_it.o(i.UsageFault_Handler) for UsageFault_Handler
[...]
    ../clib/signal.c                         0x00000000   Number         0  defsig_exit.o ABSOLUTE
    ../clib/signal.c                         0x00000000   Number         0  defsig_other.o ABSOLUTE
    ../clib/signal.c                         0x00000000   Number         0  defsig_segv_inner.o ABSOLUTE
    ../clib/signal.c                         0x00000000   Number         0  defsig_rtmem_formal.o ABSOLUTE
    ../clib/signal.c                         0x00000000   Number         0  defsig_rtmem_outer.o ABSOLUTE
    ../clib/signal.c                         0x00000000   Number         0  defsig_stak_inner.o ABSOLUTE
    ../clib/signal.s                         0x00000000   Number         0  defsig.o ABSOLUTE
    ../clib/stdio.c                          0x00000000   Number         0  ferror_locked.o ABSOLUTE
    ../clib/stdio.c                          0x00000000   Number         0  ferror.o ABSOLUTE
    ../clib/stdlib.c                         0x00000000   Number         0  exit.o ABSOLUTE
    ../clib/string.c                         0x00000000   Number         0  strstr.o ABSOLUTE
    ../fplib/faddsub.s                       0x00000000   Number         0  faddsub_clz.o ABSOLUTE
    ../fplib/ffix.s                          0x00000000   Number         0  ffix.o ABSOLUTE
    ../fplib/fflt.s                          0x00000000   Number         0  fflt_clz.o ABSOLUTE
    ../fplib/fmul.s                          0x00000000   Number         0  fmul.o ABSOLUTE
    ../fplib/fnaninf.s                       0x00000000   Number         0  fnaninf.o ABSOLUTE
    ../fplib/fpinit.s                        0x00000000   Number         0  fpinit.o ABSOLUTE
    ../fplib/fretinf.s                       0x00000000   Number         0  fretinf.o ABSOLUTE
    ../fplib/usenofp.s                       0x00000000   Number         0  usenofp.o ABSOLUTE
    ..\CORE\core_cm3.c                       0x00000000   Number         0  core_cm3.o ABSOLUTE
    ..\CORE\startup_stm32f10x_md.s           0x00000000   Number         0  startup_stm32f10x_md.o ABSOLUTE
    ..\HARDWARE\24L01\24l01.c                0x00000000   Number         0  24l01.o ABSOLUTE
    ..\HARDWARE\ADC\adc.c                    0x00000000   Number         0  adc.o ABSOLUTE
    ..\HARDWARE\Data\DataScope_DP.C          0x00000000   Number         0  datascope_dp.o ABSOLUTE
    ..\HARDWARE\LED\led.c                    0x00000000   Number         0  led.o ABSOLUTE
    ..\HARDWARE\LSENS\lsens.c                0x00000000   Number         0  lsens.o ABSOLUTE
    ..\HARDWARE\OLED\OLED_I2C.c              0x00000000   Number         0  oled_i2c.o ABSOLUTE
    ..\HARDWARE\OLED\codetab.c               0x00000000   Number         0  codetab.o ABSOLUTE
    ..\HARDWARE\PID\motor.c                  0x00000000   Number         0  motor.o ABSOLUTE
    ..\HARDWARE\PID\pid.c                    0x00000000   Number         0  pid.o ABSOLUTE
    ..\HARDWARE\STMFLASH\stmflash.c          0x00000000   Number         0  stmflash.o ABSOLUTE
    ..\HARDWARE\TIME\time.c                  0x00000000   Number         0  time.o ABSOLUTE
    ..\HARDWARE\WIFI\esp8266.c               0x00000000   Number         0  esp8266.o ABSOLUTE
    ..\MALLOC\malloc.c                       0x00000000   Number         0  malloc.o ABSOLUTE
    ..\OS\core.asm                           0x00000000   Number         0  core.o ABSOLUTE
    ..\OS\os.c                               0x00000000   Number         0  os.o ABSOLUTE
    ..\STM32F10x_FWLib\src\misc.c            0x00000000   Number         0  misc.o ABSOLUTE
    ..\STM32F10x_FWLib\src\stm32f10x_adc.c   0x00000000   Number         0  stm32f10x_adc.o ABSOLUTE
    ..\STM32F10x_FWLib\src\stm32f10x_flash.c 0x00000000   Number         0  stm32f10x_flash.o ABSOLUTE
    ..\STM32F10x_FWLib\src\stm32f10x_fsmc.c  0x00000000   Number         0  stm32f10x_fsmc.o ABSOLUTE
    ..\STM32F10x_FWLib\src\stm32f10x_gpio.c  0x00000000   Number         0  stm32f10x_gpio.o ABSOLUTE
    ..\STM32F10x_FWLib\src\stm32f10x_rcc.c   0x00000000   Number         0  stm32f10x_rcc.o ABSOLUTE
    ..\STM32F10x_FWLib\src\stm32f10x_tim.c   0x00000000   Number         0  stm32f10x_tim.o ABSOLUTE
    ..\STM32F10x_FWLib\src\stm32f10x_usart.c 0x00000000   Number         0  stm32f10x_usart.o ABSOLUTE
    ..\SYSTEM\delay\delay.c                  0x00000000   Number         0  delay.o ABSOLUTE
    ..\SYSTEM\sys\sys.c                      0x00000000   Number         0  sys.o ABSOLUTE
    ..\SYSTEM\usart\usart.c                  0x00000000   Number         0  usart.o ABSOLUTE
    ..\\CORE\\core_cm3.c                     0x00000000   Number         0  core_cm3.o ABSOLUTE
    ..\\SYSTEM\\sys\\sys.c                   0x00000000   Number         0  sys.o ABSOLUTE
    dc.s                                     0x00000000   Number         0  dc.o ABSOLUTE
    main.c                                   0x00000000   Number         0  main.o ABSOLUTE
    stm32f10x_it.c                           0x00000000   Number         0  stm32f10x_it.o ABSOLUTE
    system_stm32f10x.c                       0x00000000   Number         0  system_stm32f10x.o ABSOLUTE
    RESET                                    0x08000000   Section      236  startup_stm32f10x_md.o(RESET)
    !!!main                                  0x080000ec   Section        8  __main.o(!!!main)
    !!!scatter                               0x080000f4   Section       52  __scatter.o(!!!scatter)
    !!dczerorl2                              0x08000128   Section       90  __dczerorl2.o(!!dczerorl2)
    !!handler_zi                             0x08000184   Section       28  __scatter_zi.o(!!handler_zi)
    .ARM.Collect$$_printf_percent$$00000000  0x080001a0   Section        0  _printf_percent.o(.ARM.Collect$$_printf_percent$$00000000)
    .ARM.Collect$$_printf_percent$$00000009  0x080001a0   Section        6  _printf_d.o(.ARM.Collect$$_printf_percent$$00000009)
    .ARM.Collect$$_printf_percent$$00000014  0x080001a6   Section        6  _printf_s.o(.ARM.Collect$$_printf_percent$$00000014)
    .ARM.Collect$$_printf_percent$$00000017  0x080001ac   Section        4  _printf_percent_end.o(.ARM.Collect$$_printf_percent$$00000017)
    .ARM.Collect$$libinit$$00000000          0x080001b0   Section        2  libinit.o(.ARM.Collect$$libinit$$00000000)
    .ARM.Collect$$libinit$$00000002          0x080001b2   Section        0  libinit2.o(.ARM.Collect$$libinit$$00000002)
    .ARM.Collect$$libinit$$00000004          0x080001b2   Section        0  libinit2.o(.ARM.Collect$$libinit$$00000004)
    .ARM.Collect$$libinit$$0000000A          0x080001b2   Section        0  libinit2.o(.ARM.Collect$$libinit$$0000000A)
    .ARM.Collect$$libinit$$0000000C          0x080001b2   Section        0  libinit2.o(.ARM.Collect$$libinit$$0000000C)
    .ARM.Collect$$libinit$$0000000E          0x080001b2   Section        0  libinit2.o(.ARM.Collect$$libinit$$0000000E)
    .ARM.Collect$$libinit$$00000011          0x080001b2   Section        0  libinit2.o(.ARM.Collect$$libinit$$00000011)
    .ARM.Collect$$libinit$$00000013          0x080001b2   Section        0  libinit2.o(.ARM.Collect$$libinit$$00000013)
    .ARM.Collect$$libinit$$00000015          0x080001b2   Section        0  libinit2.o(.ARM.Collect$$libinit$$00000015)
    .ARM.Collect$$libinit$$00000017          0x080001b2   Section        0  libinit2.o(.ARM.Collect$$libinit$$00000017)
    .ARM.Collect$$libinit$$00000019          0x080001b2   Section        0  libinit2.o(.ARM.Collect$$libinit$$00000019)
    .ARM.Collect$$libinit$$0000001B          0x080001b2   Section        0  libinit2.o(.ARM.Collect$$libinit$$0000001B)
    .ARM.Collect$$libinit$$0000001D          0x080001b2   Section        0  libinit2.o(.ARM.Collect$$libinit$$0000001D)
    .ARM.Collect$$libinit$$0000001F          0x080001b2   Section        0  libinit2.o(.ARM.Collect$$libinit$$0000001F)
    .ARM.Collect$$libinit$$00000021          0x080001b2   Section        0  libinit2.o(.ARM.Collect$$libinit$$00000021)
    .ARM.Collect$$libinit$$00000023          0x080001b2   Section        0  libinit2.o(.ARM.Collect$$libinit$$00000023)
    .ARM.Collect$$libinit$$00000025          0x080001b2   Section        0  libinit2.o(.ARM.Collect$$libinit$$00000025)
    .ARM.Collect$$libinit$$0000002C          0x080001b2   Section        0  libinit2.o(.ARM.Collect$$libinit$$0000002C)
    .ARM.Collect$$libinit$$0000002E          0x080001b2   Section        0  libinit2.o(.ARM.Collect$$libinit$$0000002E)
    .ARM.Collect$$libinit$$00000030          0x080001b2   Section        0  libinit2.o(.ARM.Collect$$libinit$$00000030)
    .ARM.Collect$$libinit$$00000032          0x080001b2   Section        0  libinit2.o(.ARM.Collect$$libinit$$00000032)
    .ARM.Collect$$libinit$$00000033          0x080001b2   Section        2  libinit2.o(.ARM.Collect$$libinit$$00000033)
    .ARM.Collect$$libshutdown$$00000000      0x080001b4   Section        2  libshutdown.o(.ARM.Collect$$libshutdown$$00000000)
    .ARM.Collect$$libshutdown$$00000003      0x080001b6   Section        0  libshutdown2.o(.ARM.Collect$$libshutdown$$00000003)
    .ARM.Collect$$libshutdown$$00000006      0x080001b6   Section        0  libshutdown2.o(.ARM.Collect$$libshutdown$$00000006)
    .ARM.Collect$$libshutdown$$00000009      0x080001b6   Section        0  libshutdown2.o(.ARM.Collect$$libshutdown$$00000009)
    .ARM.Collect$$libshutdown$$0000000B      0x080001b6   Section        0  libshutdown2.o(.ARM.Collect$$libshutdown$$0000000B)
    .ARM.Collect$$libshutdown$$0000000E      0x080001b6   Section        0  libshutdown2.o(.ARM.Collect$$libshutdown$$0000000E)
    .ARM.Collect$$libshutdown$$0000000F      0x080001b6   Section        2  libshutdown2.o(.ARM.Collect$$libshutdown$$0000000F)
    .ARM.Collect$$rtentry$$00000000          0x080001b8   Section        0  __rtentry.o(.ARM.Collect$$rtentry$$00000000)
    .ARM.Collect$$rtentry$$00000002          0x080001b8   Section        0  __rtentry2.o(.ARM.Collect$$rtentry$$00000002)
    .ARM.Collect$$rtentry$$00000004          0x080001b8   Section        6  __rtentry4.o(.ARM.Collect$$rtentry$$00000004)
    .ARM.Collect$$rtentry$$00000009          0x080001be   Section        0  __rtentry2.o(.ARM.Collect$$rtentry$$00000009)
    .ARM.Collect$$rtentry$$0000000A          0x080001be   Section        4  __rtentry2.o(.ARM.Collect$$rtentry$$0000000A)
    .ARM.Collect$$rtentry$$0000000C          0x080001c2   Section        0  __rtentry2.o(.ARM.Collect$$rtentry$$0000000C)
    .ARM.Collect$$rtentry$$0000000D          0x080001c2   Section        8  __rtentry2.o(.ARM.Collect$$rtentry$$0000000D)
    .ARM.Collect$$rtexit$$00000000           0x080001ca   Section        2  rtexit.o(.ARM.Collect$$rtexit$$00000000)
    .ARM.Collect$$rtexit$$00000002           0x080001cc   Section        0  rtexit2.o(.ARM.Collect$$rtexit$$00000002)
    .ARM.Collect$$rtexit$$00000003           0x080001cc   Section        4  rtexit2.o(.ARM.Collect$$rtexit$$00000003)
    .ARM.Collect$$rtexit$$00000004           0x080001d0   Section        6  rtexit2.o(.ARM.Collect$$rtexit$$00000004)
    .text                                    0x080001d8   Section       64  startup_stm32f10x_md.o(.text)
    .text                                    0x08000218   Section        2  use_no_semi_2.o(.text)
    .text                                    0x0800021c   Section        0  noretval__2printf.o(.text)
    .text                                    0x08000234   Section        0  noretval__2sprintf.o(.text)
    .text                                    0x0800025c   Section        0  __printf.o(.text)
    .text                                    0x080002c4   Section        0  _printf_str.o(.text)
    .text                                    0x08000318   Section        0  _printf_dec.o(.text)
    .text                                    0x08000390   Section        0  strstr.o(.text)
    .text                                    0x080003b4   Section        0  heapauxi.o(.text)
    .text                                    0x080003ba   Section        2  use_no_semi.o(.text)
    .text                                    0x080003bc   Section        0  _printf_intcommon.o(.text)
    .text                                    0x08000470   Section        0  _printf_char_common.o(.text)
    _printf_input_char                       0x08000471   Thumb Code    10  _printf_char_common.o(.text)
    .text                                    0x080004a0   Section        0  _sputc.o(.text)
    .text                                    0x080004aa   Section        0  _printf_char.o(.text)
    .text                                    0x080004d8   Section        0  _printf_char_file.o(.text)
    .text                                    0x080004fc   Section        0  ferror.o(.text)
    .text                                    0x08000504   Section       74  sys_stackheap_outer.o(.text)
    .text                                    0x0800054e   Section        0  exit.o(.text)
    .text                                    0x0800055c   Section        8  libspace.o(.text)
    CODE                                     0x08000564   Section      124  core.o(CODE)
    i.ADC_Cmd                                0x080005e0   Section        0  stm32f10x_adc.o(i.ADC_Cmd)
    i.ADC_DeInit                             0x080005f8   Section        0  stm32f10x_adc.o(i.ADC_DeInit)
    i.ADC_GetCalibrationStatus               0x08000654   Section        0  stm32f10x_adc.o(i.ADC_GetCalibrationStatus)
    i.ADC_GetConversionValue                 0x08000668   Section        0  stm32f10x_adc.o(i.ADC_GetConversionValue)
    i.ADC_GetFlagStatus                      0x08000670   Section        0  stm32f10x_adc.o(i.ADC_GetFlagStatus)
    i.ADC_GetResetCalibrationStatus          0x08000682   Section        0  stm32f10x_adc.o(i.ADC_GetResetCalibrationStatus)
    i.ADC_Init                               0x08000698   Section        0  stm32f10x_adc.o(i.ADC_Init)
    i.ADC_RegularChannelConfig               0x080006e8   Section        0  stm32f10x_adc.o(i.ADC_RegularChannelConfig)
    i.ADC_ResetCalibration                   0x080007a0   Section        0  stm32f10x_adc.o(i.ADC_ResetCalibration)
    i.ADC_SoftwareStartConvCmd               0x080007aa   Section        0  stm32f10x_adc.o(i.ADC_SoftwareStartConvCmd)
    i.ADC_StartCalibration                   0x080007c0   Section        0  stm32f10x_adc.o(i.ADC_StartCalibration)
    i.Adc1_Init                              0x080007cc   Section        0  adc.o(i.Adc1_Init)
    i.BusFault_Handler                       0x08000848   Section        0  stm32f10x_it.o(i.BusFault_Handler)
    i.DebugMon_Handler                       0x0800084c   Section        0  stm32f10x_it.o(i.DebugMon_Handler)
    i.ESP_STA                                0x08000850   Section        0  esp8266.o(i.ESP_STA)
    i.FLASH_ErasePage                        0x080008d0   Section        0  stm32f10x_flash.o(i.FLASH_ErasePage)
    i.FLASH_GetBank1Status                   0x0800091c   Section        0  stm32f10x_flash.o(i.FLASH_GetBank1Status)
    i.FLASH_Lock                             0x08000950   Section        0  stm32f10x_flash.o(i.FLASH_Lock)
    i.FLASH_ProgramHalfWord                  0x08000964   Section        0  stm32f10x_flash.o(i.FLASH_ProgramHalfWord)
    i.FLASH_Unlock                           0x080009a4   Section        0  stm32f10x_flash.o(i.FLASH_Unlock)
    i.FLASH_WaitForLastOperation             0x080009bc   Section        0  stm32f10x_flash.o(i.FLASH_WaitForLastOperation)
    i.GPIO_Init                              0x080009e2   Section        0  stm32f10x_gpio.o(i.GPIO_Init)
    i.GPIO_ReadInputDataBit                  0x08000af8   Section        0  stm32f10x_gpio.o(i.GPIO_ReadInputDataBit)
    i.GPIO_SetBits                           0x08000b0a   Section        0  stm32f10x_gpio.o(i.GPIO_SetBits)
    i.GetDate                                0x08000b10   Section        0  24l01.o(i.GetDate)
    i.Get_Adc1                               0x08000b7c   Section        0  adc.o(i.Get_Adc1)
    i.HardFault_Handler                      0x08000bb0   Section        0  stm32f10x_it.o(i.HardFault_Handler)
    i.I2C_Configuration                      0x08000bb4   Section        0  oled_i2c.o(i.I2C_Configuration)
    i.IIC_Start                              0x08000bec   Section        0  oled_i2c.o(i.IIC_Start)
    i.IIC_Stop                               0x08000c20   Section        0  oled_i2c.o(i.IIC_Stop)
    i.LED_Init                               0x08000c50   Section        0  led.o(i.LED_Init)
    i.Lsens_Get_Val                          0x08000ca8   Section        0  lsens.o(i.Lsens_Get_Val)
    i.Lsens_Init                             0x08000ce0   Section        0  lsens.o(i.Lsens_Init)
    i.MemManage_Handler                      0x08000d08   Section        0  stm32f10x_it.o(i.MemManage_Handler)
    i.NMI_Handler                            0x08000d0c   Section        0  stm32f10x_it.o(i.NMI_Handler)
    i.NRF24L01Int                            0x08000d10   Section        0  24l01.o(i.NRF24L01Int)
    i.NRF24L01_GPIOInit                      0x08000d40   Section        0  24l01.o(i.NRF24L01_GPIOInit)
    i.NRFReadReg                             0x08000df4   Section        0  24l01.o(i.NRFReadReg)
    i.NRFReadRxDate                          0x08000e20   Section        0  24l01.o(i.NRFReadRxDate)
    i.NRFSPI                                 0x08000e5c   Section        0  24l01.o(i.NRFSPI)
    i.NRFSetRXMode                           0x08000eb0   Section        0  24l01.o(i.NRFSetRXMode)
    i.NRFWriteReg                            0x08000f14   Section        0  24l01.o(i.NRFWriteReg)
    i.NRFWriteTxDate                         0x08000f44   Section        0  24l01.o(i.NRFWriteTxDate)
    i.NVIC_Init                              0x08000f80   Section        0  misc.o(i.NVIC_Init)
    i.NVIC_PriorityGroupConfig               0x08000ff0   Section        0  misc.o(i.NVIC_PriorityGroupConfig)
    i.OLED_CLS                               0x08001004   Section        0  oled_i2c.o(i.OLED_CLS)
    i.OLED_Fill                              0x0800100e   Section        0  oled_i2c.o(i.OLED_Fill)
    i.OLED_Init                              0x08001048   Section        0  oled_i2c.o(i.OLED_Init)
    i.OLED_SetPos                            0x080010fc   Section        0  oled_i2c.o(i.OLED_SetPos)
    i.OLED_ShowCN                            0x08001124   Section        0  oled_i2c.o(i.OLED_ShowCN)
    i.OLED_ShowStr                           0x08001178   Section        0  oled_i2c.o(i.OLED_ShowStr)
    i.OLED_ShowVar                           0x08001264   Section        0  oled_i2c.o(i.OLED_ShowVar)
    i.OSDelPrioRdy                           0x08001360   Section        0  os.o(i.OSDelPrioRdy)
    i.OSGetHighRdy                           0x08001374   Section        0  os.o(i.OSGetHighRdy)
    i.OSSetPrioRdy                           0x0800139c   Section        0  os.o(i.OSSetPrioRdy)
    i.OSTimeDly                              0x080013b0   Section        0  os.o(i.OSTimeDly)
    i.OS_IDLE_Task                           0x08001428   Section        0  os.o(i.OS_IDLE_Task)
    i.OS_Sched                               0x08001430   Section        0  os.o(i.OS_Sched)
    i.OS_SchedLock                           0x08001488   Section        0  os.o(i.OS_SchedLock)
    i.OS_SchedUnlock                         0x080014a4   Section        0  os.o(i.OS_SchedUnlock)
    i.OS_Start                               0x080014c4   Section        0  os.o(i.OS_Start)
    i.PID_PosLocCalc                         0x08001520   Section        0  pid.o(i.PID_PosLocCalc)
    i.PID_SetPoint                           0x08001580   Section        0  pid.o(i.PID_SetPoint)
    i.PID_Setkp_ki_kd                        0x0800158c   Section        0  pid.o(i.PID_Setkp_ki_kd)
    i.RCC_APB1PeriphClockCmd                 0x0800159c   Section        0  stm32f10x_rcc.o(i.RCC_APB1PeriphClockCmd)
    i.RCC_APB2PeriphClockCmd                 0x080015bc   Section        0  stm32f10x_rcc.o(i.RCC_APB2PeriphClockCmd)
    i.RCC_APB2PeriphResetCmd                 0x080015dc   Section        0  stm32f10x_rcc.o(i.RCC_APB2PeriphResetCmd)
    i.RCC_GetClocksFreq                      0x080015fc   Section        0  stm32f10x_rcc.o(i.RCC_GetClocksFreq)
    i.Run                                    0x080016d0   Section        0  motor.o(i.Run)
    i.STMFLASH_Read                          0x08001728   Section        0  stmflash.o(i.STMFLASH_Read)
    i.STMFLASH_ReadHalfWord                  0x0800174a   Section        0  stmflash.o(i.STMFLASH_ReadHalfWord)
    i.STMFLASH_Write                         0x08001750   Section        0  stmflash.o(i.STMFLASH_Write)
    i.STMFLASH_Write_NoCheck                 0x08001838   Section        0  stmflash.o(i.STMFLASH_Write_NoCheck)
    i.SVC_Handler                            0x0800185e   Section        0  stm32f10x_it.o(i.SVC_Handler)
    i.SetSysClock                            0x08001860   Section        0  system_stm32f10x.o(i.SetSysClock)
    SetSysClock                              0x08001861   Thumb Code     8  system_stm32f10x.o(i.SetSysClock)
    i.SetSysClockTo72                        0x08001868   Section        0  system_stm32f10x.o(i.SetSysClockTo72)
    SetSysClockTo72                          0x08001869   Thumb Code   214  system_stm32f10x.o(i.SetSysClockTo72)
    i.SysTick_CLKSourceConfig                0x08001948   Section        0  misc.o(i.SysTick_CLKSourceConfig)
    i.SysTick_Handler                        0x08001970   Section        0  os.o(i.SysTick_Handler)
    i.SystemInit                             0x080019dc   Section        0  system_stm32f10x.o(i.SystemInit)
    i.System_init                            0x08001a3c   Section        0  os.o(i.System_init)
    i.TIM3_PWM_Init                          0x08001a7c   Section        0  time.o(i.TIM3_PWM_Init)
    i.TIM4_IRQHandler                        0x08001b00   Section        0  time.o(i.TIM4_IRQHandler)
    i.TIM_ClearITPendingBit                  0x08001b30   Section        0  stm32f10x_tim.o(i.TIM_ClearITPendingBit)
    i.TIM_Cmd                                0x08001b36   Section        0  stm32f10x_tim.o(i.TIM_Cmd)
    i.TIM_GetITStatus                        0x08001b4e   Section        0  stm32f10x_tim.o(i.TIM_GetITStatus)
    i.TIM_OC3Init                            0x08001b70   Section        0  stm32f10x_tim.o(i.TIM_OC3Init)
    i.TIM_OC3PreloadConfig                   0x08001c10   Section        0  stm32f10x_tim.o(i.TIM_OC3PreloadConfig)
    i.TIM_SetCompare3                        0x08001c22   Section        0  stm32f10x_tim.o(i.TIM_SetCompare3)
    i.TIM_TimeBaseInit                       0x08001c28   Section        0  stm32f10x_tim.o(i.TIM_TimeBaseInit)
    i.Task1                                  0x08001ccc   Section        0  main.o(i.Task1)
    i.Task2                                  0x08001d28   Section        0  main.o(i.Task2)
    i.Task3                                  0x08001df4   Section        0  main.o(i.Task3)
    i.Task4                                  0x08001eb0   Section        0  main.o(i.Task4)
    i.Task_Create                            0x08001fa0   Section        0  os.o(i.Task_Create)
    i.Task_End                               0x08002070   Section        0  os.o(i.Task_End)
    i.UART_clear                             0x08002074   Section        0  esp8266.o(i.UART_clear)
    i.USART1_IRQHandler                      0x0800208c   Section        0  usart.o(i.USART1_IRQHandler)
    i.USART_ClearITPendingBit                0x08002108   Section        0  stm32f10x_usart.o(i.USART_ClearITPendingBit)
    i.USART_Cmd                              0x08002126   Section        0  stm32f10x_usart.o(i.USART_Cmd)
    i.USART_GetITStatus                      0x0800213e   Section        0  stm32f10x_usart.o(i.USART_GetITStatus)
    i.USART_ITConfig                         0x08002192   Section        0  stm32f10x_usart.o(i.USART_ITConfig)
    i.USART_Init                             0x080021dc   Section        0  stm32f10x_usart.o(i.USART_Init)
    i.USART_ReceiveData                      0x080022b4   Section        0  stm32f10x_usart.o(i.USART_ReceiveData)
    i.Uart_Send                              0x080022c0   Section        0  esp8266.o(i.Uart_Send)
    i.UsageFault_Handler                     0x080022e8   Section        0  stm32f10x_it.o(i.UsageFault_Handler)
    i.WriteCmd                               0x080022ec   Section        0  oled_i2c.o(i.WriteCmd)
    i.WriteDat                               0x0800230c   Section        0  oled_i2c.o(i.WriteDat)
    i.Write_IIC_Byte                         0x0800232c   Section        0  oled_i2c.o(i.Write_IIC_Byte)
    i._sys_exit                              0x08002380   Section        0  usart.o(i._sys_exit)
    i.delay_init                             0x08002388   Section        0  delay.o(i.delay_init)
    i.delay_ms                               0x080023cc   Section        0  delay.o(i.delay_ms)
    i.fputc                                  0x08002418   Section        0  usart.o(i.fputc)
    i.hand                                   0x08002434   Section        0  esp8266.o(i.hand)
    i.main                                   0x08002450   Section        0  main.o(i.main)
    i.malloc_init                            0x08002564   Section        0  malloc.o(i.malloc_init)
    i.my_delay_us                            0x08002580   Section        0  oled_i2c.o(i.my_delay_us)
    my_delay_us                              0x08002581   Thumb Code    14  oled_i2c.o(i.my_delay_us)
    i.uart_init                              0x08002590   Section        0  usart.o(i.uart_init)
    x$fpl$fadd                               0x08002630   Section      196  faddsub_clz.o(x$fpl$fadd)
    _fadd1                                   0x0800263f   Thumb Code     0  faddsub_clz.o(x$fpl$fadd)
    x$fpl$ffix                               0x080026f4   Section       54  ffix.o(x$fpl$ffix)
    x$fpl$fflt                               0x0800272c   Section       48  fflt_clz.o(x$fpl$fflt)
    x$fpl$fmul                               0x0800275c   Section      258  fmul.o(x$fpl$fmul)
    x$fpl$fnaninf                            0x0800285e   Section      140  fnaninf.o(x$fpl$fnaninf)
    x$fpl$fretinf                            0x080028ea   Section       10  fretinf.o(x$fpl$fretinf)
    x$fpl$frsb                               0x080028f4   Section       20  faddsub_clz.o(x$fpl$frsb)
    x$fpl$fsub                               0x08002908   Section      234  faddsub_clz.o(x$fpl$fsub)
    _fsub1                                   0x08002917   Thumb Code     0  faddsub_clz.o(x$fpl$fsub)
    x$fpl$usenofp                            0x080029f2   Section        0  usenofp.o(x$fpl$usenofp)
    .data                                    0x20000000   Section       14  main.o(.data)
    .data                                    0x20000010   Section       20  system_stm32f10x.o(.data)
    .data                                    0x20000024   Section       20  stm32f10x_rcc.o(.data)
    APBAHBPrescTable                         0x20000024   Data          16  stm32f10x_rcc.o(.data)
    ADCPrescTable                            0x20000034   Data           4  stm32f10x_rcc.o(.data)
    .data                                    0x20000038   Section        4  delay.o(.data)
    fac_us                                   0x20000038   Data           1  delay.o(.data)
    fac_ms                                   0x2000003a   Data           2  delay.o(.data)
    .data                                    0x2000003c   Section        6  usart.o(.data)
    .data                                    0x20000044   Section        8  motor.o(.data)
    .data                                    0x2000004c   Section        3  esp8266.o(.data)
    .data                                    0x20000050   Section       28  os.o(.data)
    .data                                    0x2000006c   Section     4024  codetab.o(.data)
    .data                                    0x20001024   Section       66  24l01.o(.data)
    .bss                                     0x20001068   Section     4096  main.o(.bss)
    .bss                                     0x20002068   Section      200  usart.o(.bss)
    .bss                                     0x20002130   Section       40  pid.o(.bss)
    .bss                                     0x20002158   Section     1024  stmflash.o(.bss)
    .bss                                     0x20002558   Section     1152  os.o(.bss)
    .bss                                     0x200029d8   Section     2560  malloc.o(.bss)
    .bss                                     0x200033d8   Section       96  libspace.o(.bss)
    HEAP                                     0x20003438   Section      512  startup_stm32f10x_md.o(HEAP)
    Heap_Mem                                 0x20003438   Data         512  startup_stm32f10x_md.o(HEAP)
    STACK                                    0x20003638   Section     1024  startup_stm32f10x_md.o(STACK)
    Stack_Mem                                0x20003638   Data        1024  startup_stm32f10x_md.o(STACK)
    __initial_sp                             0x20003a38   Data           0  startup_stm32f10x_md.o(STACK)

    Global Symbols

    Symbol Name                              Value     Ov Type        Size  Object(Section)

    BuildAttributes$$THM_ISAv4$P$D$K$B$S$PE$A:L22UL41UL21$X:L11$S22US41US21$IEEE1$IW$USESV6$~STKCKD$USESV7$~SHL$OSPACE$ROPI$EBA8$UX$STANDARDLIB$REQ8$PRES8$EABIv2 0x00000000   Number         0  anon$$obj.o ABSOLUTE
    __ARM_use_no_argv                        0x00000000   Number         0  main.o ABSOLUTE
    __ARM_exceptions_init                     - Undefined Weak Reference
    __alloca_initialize                       - Undefined Weak Reference
    __arm_preinit_                            - Undefined Weak Reference
    __cpp_initialize__aeabi_                  - Undefined Weak Reference
    __cxa_finalize                            - Undefined Weak Reference
    __rt_locale                               - Undefined Weak Reference
    __sigvec_lookup                           - Undefined Weak Reference
    _atexit_init                              - Undefined Weak Reference
    _call_atexit_fns                          - Undefined Weak Reference
    _clock_init                               - Undefined Weak Reference
    _fp_trap_init                             - Undefined Weak Reference
    _fp_trap_shutdown                         - Undefined Weak Reference
    _get_lc_collate                           - Undefined Weak Reference
    _get_lc_ctype                             - Undefined Weak Reference
    _get_lc_monetary                          - Undefined Weak Reference
    _get_lc_numeric                           - Undefined Weak Reference
    _get_lc_time                              - Undefined Weak Reference
    _getenv_init                              - Undefined Weak Reference
    _handle_redirection                       - Undefined Weak Reference
    _init_alloc                               - Undefined Weak Reference
    _init_user_alloc                          - Undefined Weak Reference
    _initio                                   - Undefined Weak Reference
    _mutex_acquire                            - Undefined Weak Reference
    _mutex_release                            - Undefined Weak Reference
    _printf_mbtowc                            - Undefined Weak Reference
    _printf_post_padding                      - Undefined Weak Reference
    _printf_pre_padding                       - Undefined Weak Reference
    _printf_truncate_signed                   - Undefined Weak Reference
    _printf_truncate_unsigned                 - Undefined Weak Reference
    _rand_init                                - Undefined Weak Reference
    _signal_finish                            - Undefined Weak Reference
    _signal_init                              - Undefined Weak Reference
    _terminate_alloc                          - Undefined Weak Reference
    _terminate_user_alloc                     - Undefined Weak Reference
    _terminateio                              - Undefined Weak Reference
    __Vectors_Size                           0x000000ec   Number         0  startup_stm32f10x_md.o ABSOLUTE
    __Vectors                                0x08000000   Data           4  startup_stm32f10x_md.o(RESET)
    __Vectors_End                            0x080000ec   Data           0  startup_stm32f10x_md.o(RESET)
    __main                                   0x080000ed   Thumb Code     8  __main.o(!!!main)
    __scatterload                            0x080000f5   Thumb Code     0  __scatter.o(!!!scatter)
    __scatterload_rt2                        0x080000f5   Thumb Code    44  __scatter.o(!!!scatter)
    __scatterload_rt2_thumb_only             0x080000f5   Thumb Code     0  __scatter.o(!!!scatter)
    __scatterload_null                       0x08000103   Thumb Code     0  __scatter.o(!!!scatter)
    __decompress                             0x08000129   Thumb Code    90  __dczerorl2.o(!!dczerorl2)
    __decompress1                            0x08000129   Thumb Code     0  __dczerorl2.o(!!dczerorl2)
    __scatterload_zeroinit                   0x08000185   Thumb Code    28  __scatter_zi.o(!!handler_zi)
    _printf_d                                0x080001a1   Thumb Code     0  _printf_d.o(.ARM.Collect$$_printf_percent$$00000009)
    _printf_percent                          0x080001a1   Thumb Code     0  _printf_percent.o(.ARM.Collect$$_printf_percent$$00000000)
    _printf_s                                0x080001a7   Thumb Code     0  _printf_s.o(.ARM.Collect$$_printf_percent$$00000014)
    _printf_percent_end                      0x080001ad   Thumb Code     0  _printf_percent_end.o(.ARM.Collect$$_printf_percent$$00000017)
    __rt_lib_init                            0x080001b1   Thumb Code     0  libinit.o(.ARM.Collect$$libinit$$00000000)
    __rt_lib_init_alloca_1                   0x080001b3   Thumb Code     0  libinit2.o(.ARM.Collect$$libinit$$0000002E)
    __rt_lib_init_argv_1                     0x080001b3   Thumb Code     0  libinit2.o(.ARM.Collect$$libinit$$0000002C)
    __rt_lib_init_atexit_1                   0x080001b3   Thumb Code     0  libinit2.o(.ARM.Collect$$libinit$$0000001B)
    __rt_lib_init_clock_1                    0x080001b3   Thumb Code     0  libinit2.o(.ARM.Collect$$libinit$$00000021)
    __rt_lib_init_cpp_1                      0x080001b3   Thumb Code     0  libinit2.o(.ARM.Collect$$libinit$$00000032)
    __rt_lib_init_exceptions_1               0x080001b3   Thumb Code     0  libinit2.o(.ARM.Collect$$libinit$$00000030)
    __rt_lib_init_fp_1                       0x080001b3   Thumb Code     0  libinit2.o(.ARM.Collect$$libinit$$00000002)
    __rt_lib_init_fp_trap_1                  0x080001b3   Thumb Code     0  libinit2.o(.ARM.Collect$$libinit$$0000001F)
    __rt_lib_init_getenv_1                   0x080001b3   Thumb Code     0  libinit2.o(.ARM.Collect$$libinit$$00000023)
    __rt_lib_init_heap_1                     0x080001b3   Thumb Code     0  libinit2.o(.ARM.Collect$$libinit$$0000000A)
    __rt_lib_init_lc_collate_1               0x080001b3   Thumb Code     0  libinit2.o(.ARM.Collect$$libinit$$00000011)
    __rt_lib_init_lc_ctype_1                 0x080001b3   Thumb Code     0  libinit2.o(.ARM.Collect$$libinit$$00000013)
    __rt_lib_init_lc_monetary_1              0x080001b3   Thumb Code     0  libinit2.o(.ARM.Collect$$libinit$$00000015)
    __rt_lib_init_lc_numeric_1               0x080001b3   Thumb Code     0  libinit2.o(.ARM.Collect$$libinit$$00000017)
    __rt_lib_init_lc_time_1                  0x080001b3   Thumb Code     0  libinit2.o(.ARM.Collect$$libinit$$00000019)
    __rt_lib_init_preinit_1                  0x080001b3   Thumb Code     0  libinit2.o(.ARM.Collect$$libinit$$00000004)
    __rt_lib_init_rand_1                     0x080001b3   Thumb Code     0  libinit2.o(.ARM.Collect$$libinit$$0000000E)
    __rt_lib_init_return                     0x080001b3   Thumb Code     0  libinit2.o(.ARM.Collect$$libinit$$00000033)
    __rt_lib_init_signal_1                   0x080001b3   Thumb Code     0  libinit2.o(.ARM.Collect$$libinit$$0000001D)
    __rt_lib_init_stdio_1                    0x080001b3   Thumb Code     0  libinit2.o(.ARM.Collect$$libinit$$00000025)
    __rt_lib_init_user_alloc_1               0x080001b3   Thumb Code     0  libinit2.o(.ARM.Collect$$libinit$$0000000C)
    __rt_lib_shutdown                        0x080001b5   Thumb Code     0  libshutdown.o(.ARM.Collect$$libshutdown$$00000000)
    __rt_lib_shutdown_fp_trap_1              0x080001b7   Thumb Code     0  libshutdown2.o(.ARM.Collect$$libshutdown$$00000006)
    __rt_lib_shutdown_heap_1                 0x080001b7   Thumb Code     0  libshutdown2.o(.ARM.Collect$$libshutdown$$0000000E)
    __rt_lib_shutdown_return                 0x080001b7   Thumb Code     0  libshutdown2.o(.ARM.Collect$$libshutdown$$0000000F)
    __rt_lib_shutdown_signal_1               0x080001b7   Thumb Code     0  libshutdown2.o(.ARM.Collect$$libshutdown$$00000009)
    __rt_lib_shutdown_stdio_1                0x080001b7   Thumb Code     0  libshutdown2.o(.ARM.Collect$$libshutdown$$00000003)
    __rt_lib_shutdown_user_alloc_1           0x080001b7   Thumb Code     0  libshutdown2.o(.ARM.Collect$$libshutdown$$0000000B)
    __rt_entry                               0x080001b9   Thumb Code     0  __rtentry.o(.ARM.Collect$$rtentry$$00000000)
    __rt_entry_presh_1                       0x080001b9   Thumb Code     0  __rtentry2.o(.ARM.Collect$$rtentry$$00000002)
    __rt_entry_sh                            0x080001b9   Thumb Code     0  __rtentry4.o(.ARM.Collect$$rtentry$$00000004)
    __rt_entry_li                            0x080001bf   Thumb Code     0  __rtentry2.o(.ARM.Collect$$rtentry$$0000000A)
    __rt_entry_postsh_1                      0x080001bf   Thumb Code     0  __rtentry2.o(.ARM.Collect$$rtentry$$00000009)
    __rt_entry_main                          0x080001c3   Thumb Code     0  __rtentry2.o(.ARM.Collect$$rtentry$$0000000D)
    __rt_entry_postli_1                      0x080001c3   Thumb Code     0  __rtentry2.o(.ARM.Collect$$rtentry$$0000000C)
    __rt_exit                                0x080001cb   Thumb Code     0  rtexit.o(.ARM.Collect$$rtexit$$00000000)
    __rt_exit_ls                             0x080001cd   Thumb Code     0  rtexit2.o(.ARM.Collect$$rtexit$$00000003)
    __rt_exit_prels_1                        0x080001cd   Thumb Code     0  rtexit2.o(.ARM.Collect$$rtexit$$00000002)
    __rt_exit_exit                           0x080001d1   Thumb Code     0  rtexit2.o(.ARM.Collect$$rtexit$$00000004)
    Reset_Handler                            0x080001d9   Thumb Code     8  startup_stm32f10x_md.o(.text)
    ADC1_2_IRQHandler                        0x080001f3   Thumb Code     0  startup_stm32f10x_md.o(.text)
    CAN1_RX1_IRQHandler                      0x080001f3   Thumb Code     0  startup_stm32f10x_md.o(.text)
    CAN1_SCE_IRQHandler                      0x080001f3   Thumb Code     0  startup_stm32f10x_md.o(.text)
    DMA1_Channel1_IRQHandler                 0x080001f3   Thumb Code     0  startup_stm32f10x_md.o(.text)
    DMA1_Channel2_IRQHandler                 0x080001f3   Thumb Code     0  startup_stm32f10x_md.o(.text)
    DMA1_Channel3_IRQHandler                 0x080001f3   Thumb Code     0  startup_stm32f10x_md.o(.text)
    DMA1_Channel4_IRQHandler                 0x080001f3   Thumb Code     0  startup_stm32f10x_md.o(.text)
    DMA1_Channel5_IRQHandler                 0x080001f3   Thumb Code     0  startup_stm32f10x_md.o(.text)
    DMA1_Channel6_IRQHandler                 0x080001f3   Thumb Code     0  startup_stm32f10x_md.o(.text)
    DMA1_Channel7_IRQHandler                 0x080001f3   Thumb Code     0  startup_stm32f10x_md.o(.text)
    EXTI0_IRQHandler                         0x080001f3   Thumb Code     0  startup_stm32f10x_md.o(.text)
    EXTI15_10_IRQHandler                     0x080001f3   Thumb Code     0  startup_stm32f10x_md.o(.text)
    EXTI1_IRQHandler                         0x080001f3   Thumb Code     0  startup_stm32f10x_md.o(.text)
    EXTI2_IRQHandler                         0x080001f3   Thumb Code     0  startup_stm32f10x_md.o(.text)
    EXTI3_IRQHandler                         0x080001f3   Thumb Code     0  startup_stm32f10x_md.o(.text)
    EXTI4_IRQHandler                         0x080001f3   Thumb Code     0  startup_stm32f10x_md.o(.text)
    EXTI9_5_IRQHandler                       0x080001f3   Thumb Code     0  startup_stm32f10x_md.o(.text)
    FLASH_IRQHandler                         0x080001f3   Thumb Code     0  startup_stm32f10x_md.o(.text)
    I2C1_ER_IRQHandler                       0x080001f3   Thumb Code     0  startup_stm32f10x_md.o(.text)
    I2C1_EV_IRQHandler                       0x080001f3   Thumb Code     0  startup_stm32f10x_md.o(.text)
    I2C2_ER_IRQHandler                       0x080001f3   Thumb Code     0  startup_stm32f10x_md.o(.text)
    I2C2_EV_IRQHandler                       0x080001f3   Thumb Code     0  startup_stm32f10x_md.o(.text)
    PVD_IRQHandler                           0x080001f3   Thumb Code     0  startup_stm32f10x_md.o(.text)
    RCC_IRQHandler                           0x080001f3   Thumb Code     0  startup_stm32f10x_md.o(.text)
    RTCAlarm_IRQHandler                      0x080001f3   Thumb Code     0  startup_stm32f10x_md.o(.text)
    RTC_IRQHandler                           0x080001f3   Thumb Code     0  startup_stm32f10x_md.o(.text)
    SPI1_IRQHandler                          0x080001f3   Thumb Code     0  startup_stm32f10x_md.o(.text)
    SPI2_IRQHandler                          0x080001f3   Thumb Code     0  startup_stm32f10x_md.o(.text)
    TAMPER_IRQHandler                        0x080001f3   Thumb Code     0  startup_stm32f10x_md.o(.text)
    TIM1_BRK_IRQHandler                      0x080001f3   Thumb Code     0  startup_stm32f10x_md.o(.text)
    TIM1_CC_IRQHandler                       0x080001f3   Thumb Code     0  startup_stm32f10x_md.o(.text)
    TIM1_TRG_COM_IRQHandler                  0x080001f3   Thumb Code     0  startup_stm32f10x_md.o(.text)
    TIM1_UP_IRQHandler                       0x080001f3   Thumb Code     0  startup_stm32f10x_md.o(.text)
    TIM2_IRQHandler                          0x080001f3   Thumb Code     0  startup_stm32f10x_md.o(.text)
    TIM3_IRQHandler                          0x080001f3   Thumb Code     0  startup_stm32f10x_md.o(.text)
    USART2_IRQHandler                        0x080001f3   Thumb Code     0  startup_stm32f10x_md.o(.text)
    USART3_IRQHandler                        0x080001f3   Thumb Code     0  startup_stm32f10x_md.o(.text)
    USBWakeUp_IRQHandler                     0x080001f3   Thumb Code     0  startup_stm32f10x_md.o(.text)
    USB_HP_CAN1_TX_IRQHandler                0x080001f3   Thumb Code     0  startup_stm32f10x_md.o(.text)
    USB_LP_CAN1_RX0_IRQHandler               0x080001f3   Thumb Code     0  startup_stm32f10x_md.o(.text)
    WWDG_IRQHandler                          0x080001f3   Thumb Code     0  startup_stm32f10x_md.o(.text)
    __user_initial_stackheap                 0x080001f5   Thumb Code     0  startup_stm32f10x_md.o(.text)
    __use_no_semihosting                     0x08000219   Thumb Code     2  use_no_semi_2.o(.text)
    __2printf                                0x0800021d   Thumb Code    20  noretval__2printf.o(.text)
    __2sprintf                               0x08000235   Thumb Code    34  noretval__2sprintf.o(.text)
    __printf                                 0x0800025d   Thumb Code   104  __printf.o(.text)
    _printf_str                              0x080002c5   Thumb Code    82  _printf_str.o(.text)
    _printf_int_dec                          0x08000319   Thumb Code   104  _printf_dec.o(.text)
    strstr                                   0x08000391   Thumb Code    36  strstr.o(.text)
    __use_two_region_memory                  0x080003b5   Thumb Code     2  heapauxi.o(.text)
    __rt_heap_escrow$2region                 0x080003b7   Thumb Code     2  heapauxi.o(.text)
    __rt_heap_expand$2region                 0x080003b9   Thumb Code     2  heapauxi.o(.text)
    __I$use$semihosting                      0x080003bb   Thumb Code     0  use_no_semi.o(.text)
    __use_no_semihosting_swi                 0x080003bb   Thumb Code     2  use_no_semi.o(.text)
    _printf_int_common                       0x080003bd   Thumb Code   178  _printf_intcommon.o(.text)
    _printf_char_common                      0x0800047b   Thumb Code    32  _printf_char_common.o(.text)
    _sputc                                   0x080004a1   Thumb Code    10  _sputc.o(.text)
    _printf_cs_common                        0x080004ab   Thumb Code    20  _printf_char.o(.text)
    _printf_char                             0x080004bf   Thumb Code    16  _printf_char.o(.text)
    _printf_string                           0x080004cf   Thumb Code     8  _printf_char.o(.text)
    _printf_char_file                        0x080004d9   Thumb Code    32  _printf_char_file.o(.text)
    ferror                                   0x080004fd   Thumb Code     8  ferror.o(.text)
    __user_setup_stackheap                   0x08000505   Thumb Code    74  sys_stackheap_outer.o(.text)
    exit                                     0x0800054f   Thumb Code    12  exit.o(.text)
    __user_libspace                          0x0800055d   Thumb Code     8  libspace.o(.text)
    __user_perproc_libspace                  0x0800055d   Thumb Code     0  libspace.o(.text)
    __user_perthread_libspace                0x0800055d   Thumb Code     0  libspace.o(.text)
    OS_CPU_SR_Save                           0x08000565   Thumb Code     0  core.o(CODE)
    OS_CPU_SR_Restore                        0x0800056d   Thumb Code     0  core.o(CODE)
    OSCtxSw                                  0x08000573   Thumb Code     0  core.o(CODE)
    OSStartHighRdy                           0x0800057d   Thumb Code     0  core.o(CODE)
    PendSV_Handler                           0x0800059d   Thumb Code     0  core.o(CODE)
    ADC_Cmd                                  0x080005e1   Thumb Code    22  stm32f10x_adc.o(i.ADC_Cmd)
    ADC_DeInit                               0x080005f9   Thumb Code    78  stm32f10x_adc.o(i.ADC_DeInit)
    ADC_GetCalibrationStatus                 0x08000655   Thumb Code    20  stm32f10x_adc.o(i.ADC_GetCalibrationStatus)
    ADC_GetConversionValue                   0x08000669   Thumb Code     8  stm32f10x_adc.o(i.ADC_GetConversionValue)
    ADC_GetFlagStatus                        0x08000671   Thumb Code    18  stm32f10x_adc.o(i.ADC_GetFlagStatus)
    ADC_GetResetCalibrationStatus            0x08000683   Thumb Code    20  stm32f10x_adc.o(i.ADC_GetResetCalibrationStatus)
    ADC_Init                                 0x08000699   Thumb Code    70  stm32f10x_adc.o(i.ADC_Init)
    ADC_RegularChannelConfig                 0x080006e9   Thumb Code   184  stm32f10x_adc.o(i.ADC_RegularChannelConfig)
    ADC_ResetCalibration                     0x080007a1   Thumb Code    10  stm32f10x_adc.o(i.ADC_ResetCalibration)
    ADC_SoftwareStartConvCmd                 0x080007ab   Thumb Code    22  stm32f10x_adc.o(i.ADC_SoftwareStartConvCmd)
    ADC_StartCalibration                     0x080007c1   Thumb Code    10  stm32f10x_adc.o(i.ADC_StartCalibration)
    Adc1_Init                                0x080007cd   Thumb Code   120  adc.o(i.Adc1_Init)
    BusFault_Handler                         0x08000849   Thumb Code     4  stm32f10x_it.o(i.BusFault_Handler)
    DebugMon_Handler                         0x0800084d   Thumb Code     2  stm32f10x_it.o(i.DebugMon_Handler)
    ESP_STA                                  0x08000851   Thumb Code    40  esp8266.o(i.ESP_STA)
    FLASH_ErasePage                          0x080008d1   Thumb Code    72  stm32f10x_flash.o(i.FLASH_ErasePage)
    FLASH_GetBank1Status                     0x0800091d   Thumb Code    48  stm32f10x_flash.o(i.FLASH_GetBank1Status)
    FLASH_Lock                               0x08000951   Thumb Code    14  stm32f10x_flash.o(i.FLASH_Lock)
    FLASH_ProgramHalfWord                    0x08000965   Thumb Code    60  stm32f10x_flash.o(i.FLASH_ProgramHalfWord)
    FLASH_Unlock                             0x080009a5   Thumb Code    12  stm32f10x_flash.o(i.FLASH_Unlock)
    FLASH_WaitForLastOperation               0x080009bd   Thumb Code    38  stm32f10x_flash.o(i.FLASH_WaitForLastOperation)
    GPIO_Init                                0x080009e3   Thumb Code   278  stm32f10x_gpio.o(i.GPIO_Init)
    GPIO_ReadInputDataBit                    0x08000af9   Thumb Code    18  stm32f10x_gpio.o(i.GPIO_ReadInputDataBit)
    GPIO_SetBits                             0x08000b0b   Thumb Code     4  stm32f10x_gpio.o(i.GPIO_SetBits)
    GetDate                                  0x08000b11   Thumb Code    82  24l01.o(i.GetDate)
    Get_Adc1                                 0x08000b7d   Thumb Code    46  adc.o(i.Get_Adc1)
    HardFault_Handler                        0x08000bb1   Thumb Code     4  stm32f10x_it.o(i.HardFault_Handler)
    I2C_Configuration                        0x08000bb5   Thumb Code    50  oled_i2c.o(i.I2C_Configuration)
    IIC_Start                                0x08000bed   Thumb Code    44  oled_i2c.o(i.IIC_Start)
    IIC_Stop                                 0x08000c21   Thumb Code    40  oled_i2c.o(i.IIC_Stop)
    LED_Init                                 0x08000c51   Thumb Code    78  led.o(i.LED_Init)
    Lsens_Get_Val                            0x08000ca9   Thumb Code    54  lsens.o(i.Lsens_Get_Val)
    Lsens_Init                               0x08000ce1   Thumb Code    36  lsens.o(i.Lsens_Init)
    MemManage_Handler                        0x08000d09   Thumb Code     4  stm32f10x_it.o(i.MemManage_Handler)
    NMI_Handler                              0x08000d0d   Thumb Code     2  stm32f10x_it.o(i.NMI_Handler)
    NRF24L01Int                              0x08000d11   Thumb Code    40  24l01.o(i.NRF24L01Int)
    NRF24L01_GPIOInit                        0x08000d41   Thumb Code   170  24l01.o(i.NRF24L01_GPIOInit)
    NRFReadReg                               0x08000df5   Thumb Code    36  24l01.o(i.NRFReadReg)
    NRFReadRxDate                            0x08000e21   Thumb Code    56  24l01.o(i.NRFReadRxDate)
    NRFSPI                                   0x08000e5d   Thumb Code    74  24l01.o(i.NRFSPI)
    NRFSetRXMode                             0x08000eb1   Thumb Code    92  24l01.o(i.NRFSetRXMode)
    NRFWriteReg                              0x08000f15   Thumb Code    38  24l01.o(i.NRFWriteReg)
    NRFWriteTxDate                           0x08000f45   Thumb Code    56  24l01.o(i.NRFWriteTxDate)
    NVIC_Init                                0x08000f81   Thumb Code   100  misc.o(i.NVIC_Init)
    NVIC_PriorityGroupConfig                 0x08000ff1   Thumb Code    10  misc.o(i.NVIC_PriorityGroupConfig)
    OLED_CLS                                 0x08001005   Thumb Code    10  oled_i2c.o(i.OLED_CLS)
    OLED_Fill                                0x0800100f   Thumb Code    58  oled_i2c.o(i.OLED_Fill)
    OLED_Init                                0x08001049   Thumb Code   180  oled_i2c.o(i.OLED_Init)
    OLED_SetPos                              0x080010fd   Thumb Code    40  oled_i2c.o(i.OLED_SetPos)
    OLED_ShowCN                              0x08001125   Thumb Code    80  oled_i2c.o(i.OLED_ShowCN)
    OLED_ShowStr                             0x08001179   Thumb Code   228  oled_i2c.o(i.OLED_ShowStr)
    OLED_ShowVar                             0x08001265   Thumb Code   240  oled_i2c.o(i.OLED_ShowVar)
    OSDelPrioRdy                             0x08001361   Thumb Code    16  os.o(i.OSDelPrioRdy)
    OSGetHighRdy                             0x08001375   Thumb Code    32  os.o(i.OSGetHighRdy)
    OSSetPrioRdy                             0x0800139d   Thumb Code    16  os.o(i.OSSetPrioRdy)
    OSTimeDly                                0x080013b1   Thumb Code   108  os.o(i.OSTimeDly)
    OS_IDLE_Task                             0x08001429   Thumb Code     8  os.o(i.OS_IDLE_Task)
    OS_Sched                                 0x08001431   Thumb Code    68  os.o(i.OS_Sched)
    OS_SchedLock                             0x08001489   Thumb Code    22  os.o(i.OS_SchedLock)
    OS_SchedUnlock                           0x080014a5   Thumb Code    26  os.o(i.OS_SchedUnlock)
    OS_Start                                 0x080014c5   Thumb Code    58  os.o(i.OS_Start)
    PID_PosLocCalc                           0x08001521   Thumb Code    92  pid.o(i.PID_PosLocCalc)
    PID_SetPoint                             0x08001581   Thumb Code     6  pid.o(i.PID_SetPoint)
    PID_Setkp_ki_kd                          0x0800158d   Thumb Code    10  pid.o(i.PID_Setkp_ki_kd)
    RCC_APB1PeriphClockCmd                   0x0800159d   Thumb Code    26  stm32f10x_rcc.o(i.RCC_APB1PeriphClockCmd)
    RCC_APB2PeriphClockCmd                   0x080015bd   Thumb Code    26  stm32f10x_rcc.o(i.RCC_APB2PeriphClockCmd)
    RCC_APB2PeriphResetCmd                   0x080015dd   Thumb Code    26  stm32f10x_rcc.o(i.RCC_APB2PeriphResetCmd)
    RCC_GetClocksFreq                        0x080015fd   Thumb Code   192  stm32f10x_rcc.o(i.RCC_GetClocksFreq)
    Run                                      0x080016d1   Thumb Code    78  motor.o(i.Run)
    STMFLASH_Read                            0x08001729   Thumb Code    34  stmflash.o(i.STMFLASH_Read)
    STMFLASH_ReadHalfWord                    0x0800174b   Thumb Code     6  stmflash.o(i.STMFLASH_ReadHalfWord)
    STMFLASH_Write                           0x08001751   Thumb Code   222  stmflash.o(i.STMFLASH_Write)
    STMFLASH_Write_NoCheck                   0x08001839   Thumb Code    38  stmflash.o(i.STMFLASH_Write_NoCheck)
    SVC_Handler                              0x0800185f   Thumb Code     2  stm32f10x_it.o(i.SVC_Handler)
    SysTick_CLKSourceConfig                  0x08001949   Thumb Code    40  misc.o(i.SysTick_CLKSourceConfig)
    SysTick_Handler                          0x08001971   Thumb Code   100  os.o(i.SysTick_Handler)
    SystemInit                               0x080019dd   Thumb Code    78  system_stm32f10x.o(i.SystemInit)
    System_init                              0x08001a3d   Thumb Code    56  os.o(i.System_init)
    TIM3_PWM_Init                            0x08001a7d   Thumb Code   122  time.o(i.TIM3_PWM_Init)
    TIM4_IRQHandler                          0x08001b01   Thumb Code    38  time.o(i.TIM4_IRQHandler)
    TIM_ClearITPendingBit                    0x08001b31   Thumb Code     6  stm32f10x_tim.o(i.TIM_ClearITPendingBit)
    TIM_Cmd                                  0x08001b37   Thumb Code    24  stm32f10x_tim.o(i.TIM_Cmd)
    TIM_GetITStatus                          0x08001b4f   Thumb Code    34  stm32f10x_tim.o(i.TIM_GetITStatus)
    TIM_OC3Init                              0x08001b71   Thumb Code   150  stm32f10x_tim.o(i.TIM_OC3Init)
    TIM_OC3PreloadConfig                     0x08001c11   Thumb Code    18  stm32f10x_tim.o(i.TIM_OC3PreloadConfig)
    TIM_SetCompare3                          0x08001c23   Thumb Code     4  stm32f10x_tim.o(i.TIM_SetCompare3)
    TIM_TimeBaseInit                         0x08001c29   Thumb Code   122  stm32f10x_tim.o(i.TIM_TimeBaseInit)
    Task1                                    0x08001ccd   Thumb Code    70  main.o(i.Task1)
    Task2                                    0x08001d29   Thumb Code   188  main.o(i.Task2)
    Task3                                    0x08001df5   Thumb Code   164  main.o(i.Task3)
    Task4                                    0x08001eb1   Thumb Code   214  main.o(i.Task4)
    Task_Create                              0x08001fa1   Thumb Code   200  os.o(i.Task_Create)
    Task_End                                 0x08002071   Thumb Code     4  os.o(i.Task_End)
    UART_clear                               0x08002075   Thumb Code    20  esp8266.o(i.UART_clear)
    USART1_IRQHandler                        0x0800208d   Thumb Code   112  usart.o(i.USART1_IRQHandler)
    USART_ClearITPendingBit                  0x08002109   Thumb Code    30  stm32f10x_usart.o(i.USART_ClearITPendingBit)
    USART_Cmd                                0x08002127   Thumb Code    24  stm32f10x_usart.o(i.USART_Cmd)
    USART_GetITStatus                        0x0800213f   Thumb Code    84  stm32f10x_usart.o(i.USART_GetITStatus)
    USART_ITConfig                           0x08002193   Thumb Code    74  stm32f10x_usart.o(i.USART_ITConfig)
    USART_Init                               0x080021dd   Thumb Code   210  stm32f10x_usart.o(i.USART_Init)
    USART_ReceiveData                        0x080022b5   Thumb Code    10  stm32f10x_usart.o(i.USART_ReceiveData)
    Uart_Send                                0x080022c1   Thumb Code    32  esp8266.o(i.Uart_Send)
    UsageFault_Handler                       0x080022e9   Thumb Code     4  stm32f10x_it.o(i.UsageFault_Handler)
    WriteCmd                                 0x080022ed   Thumb Code    32  oled_i2c.o(i.WriteCmd)
    WriteDat                                 0x0800230d   Thumb Code    32  oled_i2c.o(i.WriteDat)
    Write_IIC_Byte                           0x0800232d   Thumb Code    74  oled_i2c.o(i.Write_IIC_Byte)
    _sys_exit                                0x08002381   Thumb Code     6  usart.o(i._sys_exit)
    delay_init                               0x08002389   Thumb Code    50  delay.o(i.delay_init)
    delay_ms                                 0x080023cd   Thumb Code    72  delay.o(i.delay_ms)
    fputc                                    0x08002419   Thumb Code    24  usart.o(i.fputc)
    hand                                     0x08002435   Thumb Code    22  esp8266.o(i.hand)
    main                                     0x08002451   Thumb Code   214  main.o(i.main)
    malloc_init                              0x08002565   Thumb Code    22  malloc.o(i.malloc_init)
    uart_init                                0x08002591   Thumb Code   152  usart.o(i.uart_init)
    __aeabi_fadd                             0x08002631   Thumb Code     0  faddsub_clz.o(x$fpl$fadd)
    _fadd                                    0x08002631   Thumb Code   196  faddsub_clz.o(x$fpl$fadd)
    __aeabi_f2iz                             0x080026f5   Thumb Code     0  ffix.o(x$fpl$ffix)
    _ffix                                    0x080026f5   Thumb Code    54  ffix.o(x$fpl$ffix)
    __aeabi_i2f                              0x0800272d   Thumb Code     0  fflt_clz.o(x$fpl$fflt)
    _fflt                                    0x0800272d   Thumb Code    48  fflt_clz.o(x$fpl$fflt)
    __aeabi_fmul                             0x0800275d   Thumb Code     0  fmul.o(x$fpl$fmul)
    _fmul                                    0x0800275d   Thumb Code   258  fmul.o(x$fpl$fmul)
    __fpl_fnaninf                            0x0800285f   Thumb Code   140  fnaninf.o(x$fpl$fnaninf)
    __fpl_fretinf                            0x080028eb   Thumb Code    10  fretinf.o(x$fpl$fretinf)
    __aeabi_frsub                            0x080028f5   Thumb Code     0  faddsub_clz.o(x$fpl$frsb)
    _frsb                                    0x080028f5   Thumb Code    20  faddsub_clz.o(x$fpl$frsb)
    __aeabi_fsub                             0x08002909   Thumb Code     0  faddsub_clz.o(x$fpl$fsub)
    _fsub                                    0x08002909   Thumb Code   234  faddsub_clz.o(x$fpl$fsub)
    __I$use$fp                               0x080029f2   Number         0  usenofp.o(x$fpl$usenofp)
    Region$$Table$$Base                      0x080029f4   Number         0  anon$$obj.o(Region$$Table)
    Region$$Table$$Limit                     0x08002a14   Number         0  anon$$obj.o(Region$$Table)
    q_msg                                    0x20000000   Data           4  main.o(.data)
    adc                                      0x20000004   Data           4  main.o(.data)
    set_light                                0x20000008   Data           4  main.o(.data)
    pwmval                                   0x2000000c   Data           2  main.o(.data)
    SystemCoreClock                          0x20000010   Data           4  system_stm32f10x.o(.data)
    AHBPrescTable                            0x20000014   Data          16  system_stm32f10x.o(.data)
    __stdout                                 0x2000003c   Data           4  usart.o(.data)
    USART_RX_STA                             0x20000040   Data           2  usart.o(.data)
    PWM_MAX                                  0x20000044   Data           4  motor.o(.data)
    PWM_MIN                                  0x20000048   Data           4  motor.o(.data)
    table                                    0x2000004c   Data           3  esp8266.o(.data)
    CPU_ExceptStkBase                        0x20000050   Data           4  os.o(.data)
    p_TCB_Cur                                0x20000054   Data           4  os.o(.data)
    p_TCBHightRdy                            0x20000058   Data           4  os.o(.data)
    OS_PrioCur                               0x2000005c   Data           1  os.o(.data)
    OS_PrioHighRdy                           0x2000005d   Data           1  os.o(.data)
    OSRdyTbl                                 0x20000060   Data           4  os.o(.data)
    OS_Tisks                                 0x20000064   Data           4  os.o(.data)
    lock                                     0x20000068   Data           4  os.o(.data)
    F16x16                                   0x2000006c   Data         928  codetab.o(.data)
    F6x8                                     0x2000040c   Data         552  codetab.o(.data)
    F8X16                                    0x20000634   Data        1520  codetab.o(.data)
    BMP1                                     0x20000c24   Data        1024  codetab.o(.data)
    TxAddr_P0                                0x20001024   Data           5  24l01.o(.data)
    TxAddr_P1                                0x20001029   Data           5  24l01.o(.data)
    TxAddr_P2                                0x2000102e   Data           5  24l01.o(.data)
    TxAddr_P3                                0x20001033   Data           5  24l01.o(.data)
    TxAddr_P4                                0x20001038   Data           5  24l01.o(.data)
    TxAddr_P5                                0x2000103d   Data           5  24l01.o(.data)
    RX_ADDRESS_0                             0x20001042   Data           5  24l01.o(.data)
    RX_ADDRESS_1                             0x20001047   Data           5  24l01.o(.data)
    RX_ADDRESS_2                             0x2000104c   Data           5  24l01.o(.data)
    RX_ADDRESS_3                             0x20001051   Data           5  24l01.o(.data)
    RX_ADDRESS_4                             0x20001056   Data           5  24l01.o(.data)
    RX_ADDRESS_5                             0x2000105b   Data           5  24l01.o(.data)
    RevTempDate                              0x20001060   Data           5  24l01.o(.data)
    sta                                      0x20001065   Data           1  24l01.o(.data)
    TASK_1_STK                               0x20001068   Data        1024  main.o(.bss)
    TASK_2_STK                               0x20001468   Data        1024  main.o(.bss)
    TASK_3_STK                               0x20001868   Data        1024  main.o(.bss)
    TASK_4_STK                               0x20001c68   Data        1024  main.o(.bss)
    USART_RX_BUF                             0x20002068   Data         200  usart.o(.bss)
    PID                                      0x20002130   Data          40  pid.o(.bss)
    STMFLASH_BUF                             0x20002158   Data        1024  stmflash.o(.bss)
    CPU_ExceptStk                            0x20002558   Data         512  os.o(.bss)
    TCB_Task                                 0x20002758   Data         384  os.o(.bss)
    IDLE_STK                                 0x200028d8   Data         256  os.o(.bss)
    membase                                  0x200029d8   Data        2048  malloc.o(.bss)
    mmt                                      0x200031d8   Data         512  malloc.o(.bss)
    __libspace_start                         0x200033d8   Data          96  libspace.o(.bss)
    __temporary_stack_top$libspace           0x20003438   Data           0  libspace.o(.bss)



==============================================================================

Memory Map of the image

  Image Entry point : 0x080000ed

  Load Region LR_IROM1 (Base: 0x08000000, Size: 0x00003a7c, Max: 0x00010000, ABSOLUTE, COMPRESSED[0x000033f0])

    Execution Region ER_IROM1 (Base: 0x08000000, Size: 0x00002a14, Max: 0x00010000, ABSOLUTE)

    Base Addr    Size         Type   Attr      Idx    E Section Name        Object

    0x08000000   0x000000ec   Data   RO          306    RESET               startup_stm32f10x_md.o
    0x080000ec   0x00000008   Code   RO         2689  * !!!main             c_w.l(__main.o)
    0x080000f4   0x00000034   Code   RO         2885    !!!scatter          c_w.l(__scatter.o)
    0x08000128   0x0000005a   Code   RO         2883    !!dczerorl2         c_w.l(__dczerorl2.o)
    0x08000182   0x00000002   PAD
    0x08000184   0x0000001c   Code   RO         2887    !!handler_zi        c_w.l(__scatter_zi.o)
    0x080001a0   0x00000000   Code   RO         2684    .ARM.Collect$$_printf_percent$$00000000  c_w.l(_printf_percent.o)
    0x080001a0   0x00000006   Code   RO         2683    .ARM.Collect$$_printf_percent$$00000009  c_w.l(_printf_d.o)
    0x080001a6   0x00000006   Code   RO         2682    .ARM.Collect$$_printf_percent$$00000014  c_w.l(_printf_s.o)
    0x080001ac   0x00000004   Code   RO         2722    .ARM.Collect$$_printf_percent$$00000017  c_w.l(_printf_percent_end.o)
    0x080001b0   0x00000002   Code   RO         2758    .ARM.Collect$$libinit$$00000000  c_w.l(libinit.o)
    0x080001b2   0x00000000   Code   RO         2765    .ARM.Collect$$libinit$$00000002  c_w.l(libinit2.o)
    0x080001b2   0x00000000   Code   RO         2767    .ARM.Collect$$libinit$$00000004  c_w.l(libinit2.o)
    0x080001b2   0x00000000   Code   RO         2770    .ARM.Collect$$libinit$$0000000A  c_w.l(libinit2.o)
    0x080001b2   0x00000000   Code   RO         2772    .ARM.Collect$$libinit$$0000000C  c_w.l(libinit2.o)
    0x080001b2   0x00000000   Code   RO         2774    .ARM.Collect$$libinit$$0000000E  c_w.l(libinit2.o)
    0x080001b2   0x00000000   Code   RO         2777    .ARM.Collect$$libinit$$00000011  c_w.l(libinit2.o)
    0x080001b2   0x00000000   Code   RO         2779    .ARM.Collect$$libinit$$00000013  c_w.l(libinit2.o)
    0x080001b2   0x00000000   Code   RO         2781    .ARM.Collect$$libinit$$00000015  c_w.l(libinit2.o)
    0x080001b2   0x00000000   Code   RO         2783    .ARM.Collect$$libinit$$00000017  c_w.l(libinit2.o)
    0x080001b2   0x00000000   Code   RO         2785    .ARM.Collect$$libinit$$00000019  c_w.l(libinit2.o)
    0x080001b2   0x00000000   Code   RO         2787    .ARM.Collect$$libinit$$0000001B  c_w.l(libinit2.o)
    0x080001b2   0x00000000   Code   RO         2789    .ARM.Collect$$libinit$$0000001D  c_w.l(libinit2.o)
    0x080001b2   0x00000000   Code   RO         2791    .ARM.Collect$$libinit$$0000001F  c_w.l(libinit2.o)
    0x080001b2   0x00000000   Code   RO         2793    .ARM.Collect$$libinit$$00000021  c_w.l(libinit2.o)
    0x080001b2   0x00000000   Code   RO         2795    .ARM.Collect$$libinit$$00000023  c_w.l(libinit2.o)
    0x080001b2   0x00000000   Code   RO         2797    .ARM.Collect$$libinit$$00000025  c_w.l(libinit2.o)
    0x080001b2   0x00000000   Code   RO         2801    .ARM.Collect$$libinit$$0000002C  c_w.l(libinit2.o)
    0x080001b2   0x00000000   Code   RO         2803    .ARM.Collect$$libinit$$0000002E  c_w.l(libinit2.o)
    0x080001b2   0x00000000   Code   RO         2805    .ARM.Collect$$libinit$$00000030  c_w.l(libinit2.o)
    0x080001b2   0x00000000   Code   RO         2807    .ARM.Collect$$libinit$$00000032  c_w.l(libinit2.o)
    0x080001b2   0x00000002   Code   RO         2808    .ARM.Collect$$libinit$$00000033  c_w.l(libinit2.o)
    0x080001b4   0x00000002   Code   RO         2826    .ARM.Collect$$libshutdown$$00000000  c_w.l(libshutdown.o)
    0x080001b6   0x00000000   Code   RO         2837    .ARM.Collect$$libshutdown$$00000003  c_w.l(libshutdown2.o)
    0x080001b6   0x00000000   Code   RO         2840    .ARM.Collect$$libshutdown$$00000006  c_w.l(libshutdown2.o)
    0x080001b6   0x00000000   Code   RO         2843    .ARM.Collect$$libshutdown$$00000009  c_w.l(libshutdown2.o)
    0x080001b6   0x00000000   Code   RO         2845    .ARM.Collect$$libshutdown$$0000000B  c_w.l(libshutdown2.o)
    0x080001b6   0x00000000   Code   RO         2848    .ARM.Collect$$libshutdown$$0000000E  c_w.l(libshutdown2.o)
    0x080001b6   0x00000002   Code   RO         2849    .ARM.Collect$$libshutdown$$0000000F  c_w.l(libshutdown2.o)
    0x080001b8   0x00000000   Code   RO         2711    .ARM.Collect$$rtentry$$00000000  c_w.l(__rtentry.o)
    0x080001b8   0x00000000   Code   RO         2729    .ARM.Collect$$rtentry$$00000002  c_w.l(__rtentry2.o)
    0x080001b8   0x00000006   Code   RO         2741    .ARM.Collect$$rtentry$$00000004  c_w.l(__rtentry4.o)
    0x080001be   0x00000000   Code   RO         2731    .ARM.Collect$$rtentry$$00000009  c_w.l(__rtentry2.o)
    0x080001be   0x00000004   Code   RO         2732    .ARM.Collect$$rtentry$$0000000A  c_w.l(__rtentry2.o)
    0x080001c2   0x00000000   Code   RO         2734    .ARM.Collect$$rtentry$$0000000C  c_w.l(__rtentry2.o)
    0x080001c2   0x00000008   Code   RO         2735    .ARM.Collect$$rtentry$$0000000D  c_w.l(__rtentry2.o)
    0x080001ca   0x00000002   Code   RO         2762    .ARM.Collect$$rtexit$$00000000  c_w.l(rtexit.o)
    0x080001cc   0x00000000   Code   RO         2810    .ARM.Collect$$rtexit$$00000002  c_w.l(rtexit2.o)
    0x080001cc   0x00000004   Code   RO         2811    .ARM.Collect$$rtexit$$00000003  c_w.l(rtexit2.o)
    0x080001d0   0x00000006   Code   RO         2812    .ARM.Collect$$rtexit$$00000004  c_w.l(rtexit2.o)
    0x080001d6   0x00000002   PAD
    0x080001d8   0x00000040   Code   RO          307    .text               startup_stm32f10x_md.o
    0x08000218   0x00000002   Code   RO         2646    .text               c_w.l(use_no_semi_2.o)
    0x0800021a   0x00000002   PAD
    0x0800021c   0x00000018   Code   RO         2652    .text               c_w.l(noretval__2printf.o)
    0x08000234   0x00000028   Code   RO         2654    .text               c_w.l(noretval__2sprintf.o)
    0x0800025c   0x00000068   Code   RO         2656    .text               c_w.l(__printf.o)
    0x080002c4   0x00000052   Code   RO         2658    .text               c_w.l(_printf_str.o)
    0x08000316   0x00000002   PAD
    0x08000318   0x00000078   Code   RO         2660    .text               c_w.l(_printf_dec.o)
    0x08000390   0x00000024   Code   RO         2685    .text               c_w.l(strstr.o)
    0x080003b4   0x00000006   Code   RO         2687    .text               c_w.l(heapauxi.o)
    0x080003ba   0x00000002   Code   RO         2709    .text               c_w.l(use_no_semi.o)
    0x080003bc   0x000000b2   Code   RO         2712    .text               c_w.l(_printf_intcommon.o)
    0x0800046e   0x00000002   PAD
    0x08000470   0x00000030   Code   RO         2714    .text               c_w.l(_printf_char_common.o)
    0x080004a0   0x0000000a   Code   RO         2716    .text               c_w.l(_sputc.o)
    0x080004aa   0x0000002c   Code   RO         2718    .text               c_w.l(_printf_char.o)
    0x080004d6   0x00000002   PAD
    0x080004d8   0x00000024   Code   RO         2720    .text               c_w.l(_printf_char_file.o)
    0x080004fc   0x00000008   Code   RO         2745    .text               c_w.l(ferror.o)
    0x08000504   0x0000004a   Code   RO         2749    .text               c_w.l(sys_stackheap_outer.o)
    0x0800054e   0x0000000c   Code   RO         2751    .text               c_w.l(exit.o)
    0x0800055a   0x00000002   PAD
    0x0800055c   0x00000008   Code   RO         2759    .text               c_w.l(libspace.o)
    0x08000564   0x0000007c   Code   RO         2234    CODE                core.o
    0x080005e0   0x00000016   Code   RO         1515    i.ADC_Cmd           stm32f10x_adc.o
    0x080005f6   0x00000002   PAD
    0x080005f8   0x0000005c   Code   RO         1517    i.ADC_DeInit        stm32f10x_adc.o
    0x08000654   0x00000014   Code   RO         1523    i.ADC_GetCalibrationStatus  stm32f10x_adc.o
    0x08000668   0x00000008   Code   RO         1524    i.ADC_GetConversionValue  stm32f10x_adc.o
    0x08000670   0x00000012   Code   RO         1526    i.ADC_GetFlagStatus  stm32f10x_adc.o
    0x08000682   0x00000014   Code   RO         1529    i.ADC_GetResetCalibrationStatus  stm32f10x_adc.o
    0x08000696   0x00000002   PAD
    0x08000698   0x00000050   Code   RO         1533    i.ADC_Init          stm32f10x_adc.o
    0x080006e8   0x000000b8   Code   RO         1537    i.ADC_RegularChannelConfig  stm32f10x_adc.o
    0x080007a0   0x0000000a   Code   RO         1538    i.ADC_ResetCalibration  stm32f10x_adc.o
    0x080007aa   0x00000016   Code   RO         1540    i.ADC_SoftwareStartConvCmd  stm32f10x_adc.o
    0x080007c0   0x0000000a   Code   RO         1542    i.ADC_StartCalibration  stm32f10x_adc.o
    0x080007ca   0x00000002   PAD
    0x080007cc   0x0000007c   Code   RO         2036    i.Adc1_Init         adc.o
    0x08000848   0x00000004   Code   RO          182    i.BusFault_Handler  stm32f10x_it.o
    0x0800084c   0x00000002   Code   RO          183    i.DebugMon_Handler  stm32f10x_it.o
    0x0800084e   0x00000002   PAD
    0x08000850   0x00000080   Code   RO         2192    i.ESP_STA           esp8266.o
    0x080008d0   0x0000004c   Code   RO         1736    i.FLASH_ErasePage   stm32f10x_flash.o
    0x0800091c   0x00000034   Code   RO         1737    i.FLASH_GetBank1Status  stm32f10x_flash.o
    0x08000950   0x00000014   Code   RO         1746    i.FLASH_Lock        stm32f10x_flash.o
    0x08000964   0x00000040   Code   RO         1749    i.FLASH_ProgramHalfWord  stm32f10x_flash.o
    0x080009a4   0x00000018   Code   RO         1754    i.FLASH_Unlock      stm32f10x_flash.o
    0x080009bc   0x00000026   Code   RO         1758    i.FLASH_WaitForLastOperation  stm32f10x_flash.o
    0x080009e2   0x00000116   Code   RO          317    i.GPIO_Init         stm32f10x_gpio.o
    0x08000af8   0x00000012   Code   RO          321    i.GPIO_ReadInputDataBit  stm32f10x_gpio.o
    0x08000b0a   0x00000004   Code   RO          325    i.GPIO_SetBits      stm32f10x_gpio.o
    0x08000b0e   0x00000002   PAD
    0x08000b10   0x0000006c   Code   RO         2567    i.GetDate           24l01.o
    0x08000b7c   0x00000034   Code   RO         2037    i.Get_Adc1          adc.o
    0x08000bb0   0x00000004   Code   RO          184    i.HardFault_Handler  stm32f10x_it.o
    0x08000bb4   0x00000038   Code   RO         2452    i.I2C_Configuration  oled_i2c.o
    0x08000bec   0x00000034   Code   RO         2453    i.IIC_Start         oled_i2c.o
    0x08000c20   0x00000030   Code   RO         2454    i.IIC_Stop          oled_i2c.o
    0x08000c50   0x00000058   Code   RO         2000    i.LED_Init          led.o
    0x08000ca8   0x00000036   Code   RO         2054    i.Lsens_Get_Val     lsens.o
    0x08000cde   0x00000002   PAD
    0x08000ce0   0x00000028   Code   RO         2055    i.Lsens_Init        lsens.o
    0x08000d08   0x00000004   Code   RO          185    i.MemManage_Handler  stm32f10x_it.o
    0x08000d0c   0x00000002   Code   RO          186    i.NMI_Handler       stm32f10x_it.o
    0x08000d0e   0x00000002   PAD
    0x08000d10   0x00000030   Code   RO         2568    i.NRF24L01Int       24l01.o
    0x08000d40   0x000000b4   Code   RO         2569    i.NRF24L01_GPIOInit  24l01.o
    0x08000df4   0x0000002c   Code   RO         2570    i.NRFReadReg        24l01.o
    0x08000e20   0x0000003c   Code   RO         2571    i.NRFReadRxDate     24l01.o
    0x08000e5c   0x00000054   Code   RO         2572    i.NRFSPI            24l01.o
    0x08000eb0   0x00000064   Code   RO         2573    i.NRFSetRXMode      24l01.o
    0x08000f14   0x00000030   Code   RO         2575    i.NRFWriteReg       24l01.o
    0x08000f44   0x0000003c   Code   RO         2576    i.NRFWriteTxDate    24l01.o
    0x08000f80   0x00000070   Code   RO          425    i.NVIC_Init         misc.o
    0x08000ff0   0x00000014   Code   RO          426    i.NVIC_PriorityGroupConfig  misc.o
    0x08001004   0x0000000a   Code   RO         2455    i.OLED_CLS          oled_i2c.o
    0x0800100e   0x0000003a   Code   RO         2458    i.OLED_Fill         oled_i2c.o
    0x08001048   0x000000b4   Code   RO         2459    i.OLED_Init         oled_i2c.o
    0x080010fc   0x00000028   Code   RO         2462    i.OLED_SetPos       oled_i2c.o
    0x08001124   0x00000054   Code   RO         2463    i.OLED_ShowCN       oled_i2c.o
    0x08001178   0x000000ec   Code   RO         2464    i.OLED_ShowStr      oled_i2c.o
    0x08001264   0x000000fc   Code   RO         2465    i.OLED_ShowVar      oled_i2c.o
    0x08001360   0x00000014   Code   RO         2399    i.OSDelPrioRdy      os.o
    0x08001374   0x00000028   Code   RO         2388    i.OSGetHighRdy      os.o
    0x0800139c   0x00000014   Code   RO         2394    i.OSSetPrioRdy      os.o
    0x080013b0   0x00000078   Code   RO         2237    i.OSTimeDly         os.o
    0x08001428   0x00000008   Code   RO         2238    i.OS_IDLE_Task      os.o
    0x08001430   0x00000058   Code   RO         2247    i.OS_Sched          os.o
    0x08001488   0x0000001c   Code   RO         2248    i.OS_SchedLock      os.o
    0x080014a4   0x00000020   Code   RO         2249    i.OS_SchedUnlock    os.o
    0x080014c4   0x0000005c   Code   RO         2254    i.OS_Start          os.o
    0x08001520   0x00000060   Code   RO         2073    i.PID_PosLocCalc    pid.o
    0x08001580   0x0000000c   Code   RO         2074    i.PID_SetPoint      pid.o
    0x0800158c   0x00000010   Code   RO         2075    i.PID_Setkp_ki_kd   pid.o
    0x0800159c   0x00000020   Code   RO          463    i.RCC_APB1PeriphClockCmd  stm32f10x_rcc.o
    0x080015bc   0x00000020   Code   RO          465    i.RCC_APB2PeriphClockCmd  stm32f10x_rcc.o
    0x080015dc   0x00000020   Code   RO          466    i.RCC_APB2PeriphResetCmd  stm32f10x_rcc.o
    0x080015fc   0x000000d4   Code   RO          473    i.RCC_GetClocksFreq  stm32f10x_rcc.o
    0x080016d0   0x00000058   Code   RO         2108    i.Run               motor.o
    0x08001728   0x00000022   Code   RO         2153    i.STMFLASH_Read     stmflash.o
    0x0800174a   0x00000006   Code   RO         2154    i.STMFLASH_ReadHalfWord  stmflash.o
    0x08001750   0x000000e8   Code   RO         2155    i.STMFLASH_Write    stmflash.o
    0x08001838   0x00000026   Code   RO         2156    i.STMFLASH_Write_NoCheck  stmflash.o
    0x0800185e   0x00000002   Code   RO          187    i.SVC_Handler       stm32f10x_it.o
    0x08001860   0x00000008   Code   RO          259    i.SetSysClock       system_stm32f10x.o
    0x08001868   0x000000e0   Code   RO          260    i.SetSysClockTo72   system_stm32f10x.o
    0x08001948   0x00000028   Code   RO          429    i.SysTick_CLKSourceConfig  misc.o
    0x08001970   0x0000006c   Code   RO         2257    i.SysTick_Handler   os.o
    0x080019dc   0x00000060   Code   RO          262    i.SystemInit        system_stm32f10x.o
    0x08001a3c   0x00000040   Code   RO         2258    i.System_init       os.o
    0x08001a7c   0x00000084   Code   RO         2012    i.TIM3_PWM_Init     time.o
    0x08001b00   0x00000030   Code   RO         2013    i.TIM4_IRQHandler   time.o
    0x08001b30   0x00000006   Code   RO          672    i.TIM_ClearITPendingBit  stm32f10x_tim.o
    0x08001b36   0x00000018   Code   RO          677    i.TIM_Cmd           stm32f10x_tim.o
    0x08001b4e   0x00000022   Code   RO          698    i.TIM_GetITStatus   stm32f10x_tim.o
    0x08001b70   0x000000a0   Code   RO          716    i.TIM_OC3Init       stm32f10x_tim.o
    0x08001c10   0x00000012   Code   RO          719    i.TIM_OC3PreloadConfig  stm32f10x_tim.o
    0x08001c22   0x00000004   Code   RO          740    i.TIM_SetCompare3   stm32f10x_tim.o
    0x08001c26   0x00000002   PAD
    0x08001c28   0x000000a4   Code   RO          748    i.TIM_TimeBaseInit  stm32f10x_tim.o
    0x08001ccc   0x0000005c   Code   RO            1    i.Task1             main.o
    0x08001d28   0x000000cc   Code   RO            2    i.Task2             main.o
    0x08001df4   0x000000bc   Code   RO            3    i.Task3             main.o
    0x08001eb0   0x000000f0   Code   RO            4    i.Task4             main.o
    0x08001fa0   0x000000d0   Code   RO         2259    i.Task_Create       os.o
    0x08002070   0x00000004   Code   RO         2260    i.Task_End          os.o
    0x08002074   0x00000018   Code   RO         2193    i.UART_clear        esp8266.o
    0x0800208c   0x0000007c   Code   RO         1959    i.USART1_IRQHandler  usart.o
    0x08002108   0x0000001e   Code   RO         1210    i.USART_ClearITPendingBit  stm32f10x_usart.o
    0x08002126   0x00000018   Code   RO         1213    i.USART_Cmd         stm32f10x_usart.o
    0x0800213e   0x00000054   Code   RO         1217    i.USART_GetITStatus  stm32f10x_usart.o
    0x08002192   0x0000004a   Code   RO         1219    i.USART_ITConfig    stm32f10x_usart.o
    0x080021dc   0x000000d8   Code   RO         1220    i.USART_Init        stm32f10x_usart.o
    0x080022b4   0x0000000a   Code   RO         1227    i.USART_ReceiveData  stm32f10x_usart.o
    0x080022be   0x00000002   PAD
    0x080022c0   0x00000028   Code   RO         2194    i.Uart_Send         esp8266.o
    0x080022e8   0x00000004   Code   RO          188    i.UsageFault_Handler  stm32f10x_it.o
    0x080022ec   0x00000020   Code   RO         2466    i.WriteCmd          oled_i2c.o
    0x0800230c   0x00000020   Code   RO         2467    i.WriteDat          oled_i2c.o
    0x0800232c   0x00000054   Code   RO         2468    i.Write_IIC_Byte    oled_i2c.o
    0x08002380   0x00000006   Code   RO         1960    i._sys_exit         usart.o
    0x08002386   0x00000002   PAD
    0x08002388   0x00000044   Code   RO         1905    i.delay_init        delay.o
    0x080023cc   0x0000004c   Code   RO         1906    i.delay_ms          delay.o
    0x08002418   0x0000001c   Code   RO         1961    i.fputc             usart.o
    0x08002434   0x0000001c   Code   RO         2195    i.hand              esp8266.o
    0x08002450   0x00000114   Code   RO            5    i.main              main.o
    0x08002564   0x0000001c   Code   RO         2416    i.malloc_init       malloc.o
    0x08002580   0x0000000e   Code   RO         2469    i.my_delay_us       oled_i2c.o
    0x0800258e   0x00000002   PAD
    0x08002590   0x000000a0   Code   RO         1962    i.uart_init         usart.o
    0x08002630   0x000000c4   Code   RO         2691    x$fpl$fadd          fz_ws.l(faddsub_clz.o)
    0x080026f4   0x00000036   Code   RO         2697    x$fpl$ffix          fz_ws.l(ffix.o)
    0x0800272a   0x00000002   PAD
    0x0800272c   0x00000030   Code   RO         2702    x$fpl$fflt          fz_ws.l(fflt_clz.o)
    0x0800275c   0x00000102   Code   RO         2707    x$fpl$fmul          fz_ws.l(fmul.o)
    0x0800285e   0x0000008c   Code   RO         2723    x$fpl$fnaninf       fz_ws.l(fnaninf.o)
    0x080028ea   0x0000000a   Code   RO         2725    x$fpl$fretinf       fz_ws.l(fretinf.o)
    0x080028f4   0x00000014   Code   RO         2692    x$fpl$frsb          fz_ws.l(faddsub_clz.o)
    0x08002908   0x000000ea   Code   RO         2693    x$fpl$fsub          fz_ws.l(faddsub_clz.o)
    0x080029f2   0x00000000   Code   RO         2727    x$fpl$usenofp       fz_ws.l(usenofp.o)
    0x080029f2   0x00000002   PAD
    0x080029f4   0x00000020   Data   RO         2881    Region$$Table       anon$$obj.o


    Execution Region RW_IRAM1 (Base: 0x20000000, Size: 0x00003a38, Max: 0x00005000, ABSOLUTE, COMPRESSED[0x000009dc])

    Base Addr    Size         Type   Attr      Idx    E Section Name        Object

    0x20000000   0x0000000e   Data   RW            7    .data               main.o
    0x2000000e   0x00000002   PAD
    0x20000010   0x00000014   Data   RW          263    .data               system_stm32f10x.o
    0x20000024   0x00000014   Data   RW          493    .data               stm32f10x_rcc.o
    0x20000038   0x00000004   Data   RW         1908    .data               delay.o
    0x2000003c   0x00000006   Data   RW         1964    .data               usart.o
    0x20000042   0x00000002   PAD
    0x20000044   0x00000008   Data   RW         2109    .data               motor.o
    0x2000004c   0x00000003   Data   RW         2197    .data               esp8266.o
    0x2000004f   0x00000001   PAD
    0x20000050   0x0000001c   Data   RW         2262    .data               os.o
    0x2000006c   0x00000fb8   Data   RW         2443    .data               codetab.o
    0x20001024   0x00000042   Data   RW         2577    .data               24l01.o
    0x20001066   0x00000002   PAD
    0x20001068   0x00001000   Zero   RW            6    .bss                main.o
    0x20002068   0x000000c8   Zero   RW         1963    .bss                usart.o
    0x20002130   0x00000028   Zero   RW         2076    .bss                pid.o
    0x20002158   0x00000400   Zero   RW         2158    .bss                stmflash.o
    0x20002558   0x00000480   Zero   RW         2261    .bss                os.o
    0x200029d8   0x00000a00   Zero   RW         2419    .bss                malloc.o
    0x200033d8   0x00000060   Zero   RW         2760    .bss                c_w.l(libspace.o)
    0x20003438   0x00000200   Zero   RW          305    HEAP                startup_stm32f10x_md.o
    0x20003638   0x00000400   Zero   RW          304    STACK               startup_stm32f10x_md.o


==============================================================================

Image component sizes


      Code (inc. data)   RO Data    RW Data    ZI Data      Debug   Object Name

       732         88          0         66          0       6684   24l01.o
       176         10          0          0          0       1127   adc.o
         0          0          0       4024          0        745   codetab.o
       124         20          0          0          0        284   core.o
         0          0          0          0          0         32   core_cm3.o
       144         22          0          4          0       1244   delay.o
       220        106          0          3          0       2750   esp8266.o
        88         10          0          0          0        527   led.o
        94          4          0          0          0       1097   lsens.o
      1000        150          0         14       4096     272334   main.o
        28          6          0          0       2560       1128   malloc.o
       172         22          0          0          0       2137   misc.o
        88         10          0          8          0        912   motor.o
      1178         56          0          0          0       8379   oled_i2c.o
       832        118          0         28       1152       8736   os.o
       124         16          0          0         40       2376   pid.o
        64         26        236          0       1536        808   startup_stm32f10x_md.o
       486         24          0          0          0       8746   stm32f10x_adc.o
       274         30          0          0          0       3506   stm32f10x_flash.o
       300          0          0          0          0       3179   stm32f10x_gpio.o
        22          0          0          0          0       3035   stm32f10x_it.o
       308         38          0         20          0       5119   stm32f10x_rcc.o
       410         52          0          0          0       4950   stm32f10x_tim.o
       438          6          0          0          0       5728   stm32f10x_usart.o
       310         10          0          0       1024       3569   stmflash.o
       328         28          0         20          0       2185   system_stm32f10x.o
       180         20          0          0          0       1230   time.o
       318         24          0          6        200       4268   usart.o

    ----------------------------------------------------------------------
      8460        896        268       4200      10608     356815   Object Totals
         0          0         32          0          0          0   (incl. Generated)
        22          0          0          7          0          0   (incl. Padding)

    ----------------------------------------------------------------------

      Code (inc. data)   RO Data    RW Data    ZI Data      Debug   Library Member Name

        90          0          0          0          0          0   __dczerorl2.o
         8          0          0          0          0         68   __main.o
       104          0          0          0          0         84   __printf.o
         0          0          0          0          0          0   __rtentry.o
        12          0          0          0          0          0   __rtentry2.o
         6          0          0          0          0          0   __rtentry4.o
        52          8          0          0          0          0   __scatter.o
        28          0          0          0          0          0   __scatter_zi.o
        44          0          0          0          0        108   _printf_char.o
        48          6          0          0          0         96   _printf_char_common.o
        36          4          0          0          0         80   _printf_char_file.o
         6          0          0          0          0          0   _printf_d.o
       120         16          0          0          0         92   _printf_dec.o
       178          0          0          0          0         88   _printf_intcommon.o
         0          0          0          0          0          0   _printf_percent.o
         4          0          0          0          0          0   _printf_percent_end.o
         6          0          0          0          0          0   _printf_s.o
        82          0          0          0          0         80   _printf_str.o
        10          0          0          0          0         68   _sputc.o
        12          0          0          0          0         72   exit.o
         8          0          0          0          0         68   ferror.o
         6          0          0          0          0        152   heapauxi.o
         2          0          0          0          0          0   libinit.o
         2          0          0          0          0          0   libinit2.o
         2          0          0          0          0          0   libshutdown.o
         2          0          0          0          0          0   libshutdown2.o
         8          4          0          0         96         68   libspace.o
        24          4          0          0          0         84   noretval__2printf.o
        40          6          0          0          0         84   noretval__2sprintf.o
         2          0          0          0          0          0   rtexit.o
        10          0          0          0          0          0   rtexit2.o
        36          0          0          0          0         80   strstr.o
        74          0          0          0          0         80   sys_stackheap_outer.o
         2          0          0          0          0         68   use_no_semi.o
         2          0          0          0          0         68   use_no_semi_2.o
       450          8          0          0          0        236   faddsub_clz.o
        54          4          0          0          0         84   ffix.o
        48          0          0          0          0         68   fflt_clz.o
       258          4          0          0          0         84   fmul.o
       140          4          0          0          0         84   fnaninf.o
        10          0          0          0          0         68   fretinf.o
         0          0          0          0          0          0   usenofp.o

    ----------------------------------------------------------------------
      2044         68          0          0         96       2212   Library Totals
        18          0          0          0          0          0   (incl. Padding)

    ----------------------------------------------------------------------

      Code (inc. data)   RO Data    RW Data    ZI Data      Debug   Library Name

      1066         48          0          0         96       1588   c_w.l
       960         20          0          0          0        624   fz_ws.l

    ----------------------------------------------------------------------
      2044         68          0          0         96       2212   Library Totals

    ----------------------------------------------------------------------

==============================================================================


      Code (inc. data)   RO Data    RW Data    ZI Data      Debug   

     10504        964        268       4200      10704     351951   Grand Totals
     10504        964        268       2524      10704     351951   ELF Image Totals (compressed)
     10504        964        268       2524          0          0   ROM Totals

==============================================================================

    Total RO  Size (Code + RO Data)                10772 (  10.52kB)
    Total RW  Size (RW Data + ZI Data)             14904 (  14.55kB)
    Total ROM Size (Code + RO Data + RW Data)      13296 (  12.98kB)

==============================================================================

