<html>
<body>
<pre>
<h1>礦ision Build Log</h1>
<h2>Tool Versions:</h2>
IDE-Version: μVision V5.14.0.0
Copyright (C) 2015 ARM Ltd and ARM Germany GmbH. All rights reserved.
License Information: bantao tao, bantao, LIC=Q7GX7-EV23E-TLLCD-8FI4V-ERB7J-56X68
 
Tool Versions:
Toolchain:       MDK-ARM Professional  Version: 5.14.0.0
Toolchain Path:  E:\MDK\keil\keilmdk\ARM\ARMCC\Bin
C Compiler:      Armcc.exe V5.05 update 1 (build 106)
Assembler:       Armasm.exe V5.05 update 1 (build 106)
Linker/Locator:  ArmLink.exe V5.05 update 1 (build 106)
Library Manager: ArmAr.exe V5.05 update 1 (build 106)
Hex Converter:   FromElf.exe V5.05 update 1 (build 106)
CPU DLL:         SARMCM3.DLL V5.14.0.0
Dialog DLL:      DARMSTM.DLL V1.65.0.0
Target DLL:      STLink\ST-LINKIII-KEIL_SWO.dll V2.0.14.0_KEIL
Dialog DLL:      TARMSTM.DLL V1.64.0.0
 
<h2>Project:</h2>
E:\单片机\程序\STM32\智能冰箱\保鲜finaly\保鲜\USER\DS18B20.uvprojx
Project File Date:  06/09/2017

<h2>Output:</h2>
Build target 'DS18B20'
compiling esp8266.c...
linking...
Program Size: Code=38534 RO-data=6418 RW-data=100 ZI-data=3940  
FromELF: creating hex file...
"..\OBJ\DS18B20.axf" - 0 Error(s), 0 Warning(s).

<h2>Collection of Component include folders:</h2>
  E:\单片机\程序\STM32\智能冰箱\保鲜finaly\保鲜\USER\RTE
  E:\MDK\keil\keilmdk\ARM\PACK\Keil\STM32F1xx_DFP\2.1.0

<h2>Collection of Component Files used:</h2>
</pre>
</body>
</html>
